Archive member included to satisfy reference by file (symbol)

C:\Users\peter\Documents\Atmel Studio\7.0\ArduinoSketch2\ArduinoSketch2\ArduinoCore\Debug\libArduinoCore.a(main.o)
                              C:/Program Files (x86)/Atmel/Studio/7.0/Packs/atmel/ATmega_DFP/1.2.150/gcc/dev/atmega328p/avr5/crtatmega328p.o (main)
C:\Users\peter\Documents\Atmel Studio\7.0\ArduinoSketch2\ArduinoSketch2\ArduinoCore\Debug\libArduinoCore.a(wiring.o)
                              C:\Users\peter\Documents\Atmel Studio\7.0\ArduinoSketch2\ArduinoSketch2\ArduinoCore\Debug\libArduinoCore.a(main.o) (init)
C:\Users\peter\Documents\Atmel Studio\7.0\ArduinoSketch2\ArduinoSketch2\ArduinoCore\Debug\libArduinoCore.a(wiring_analog.o)
                              Sketch.o (analogWrite)
C:\Users\peter\Documents\Atmel Studio\7.0\ArduinoSketch2\ArduinoSketch2\ArduinoCore\Debug\libArduinoCore.a(wiring_digital.o)
                              Sketch.o (pinMode)
C:\Users\peter\Documents\Atmel Studio\7.0\ArduinoSketch2\ArduinoSketch2\ArduinoCore\Debug\libArduinoCore.a(DallasTemperature.o)
                              Sketch.o (_ZN17DallasTemperatureC1EP7OneWire)
C:\Users\peter\Documents\Atmel Studio\7.0\ArduinoSketch2\ArduinoSketch2\ArduinoCore\Debug\libArduinoCore.a(arduinoSigfox.o)
                              Sketch.o (_ZN13arduinoSigfox3OFFEh)
C:\Users\peter\Documents\Atmel Studio\7.0\ArduinoSketch2\ArduinoSketch2\ArduinoCore\Debug\libArduinoCore.a(LowPower.o)
                              Sketch.o (_ZN13LowPowerClass9powerDownE8period_t5adc_t5bod_t)
C:\Users\peter\Documents\Atmel Studio\7.0\ArduinoSketch2\ArduinoSketch2\ArduinoCore\Debug\libArduinoCore.a(OneWire.o)
                              C:\Users\peter\Documents\Atmel Studio\7.0\ArduinoSketch2\ArduinoSketch2\ArduinoCore\Debug\libArduinoCore.a(DallasTemperature.o) (_ZN7OneWire5resetEv)
C:\Users\peter\Documents\Atmel Studio\7.0\ArduinoSketch2\ArduinoSketch2\ArduinoCore\Debug\libArduinoCore.a(hooks.o)
                              C:\Users\peter\Documents\Atmel Studio\7.0\ArduinoSketch2\ArduinoSketch2\ArduinoCore\Debug\libArduinoCore.a(wiring.o) (yield)
C:\Users\peter\Documents\Atmel Studio\7.0\ArduinoSketch2\ArduinoSketch2\ArduinoCore\Debug\libArduinoCore.a(arduinoUART.o)
                              C:\Users\peter\Documents\Atmel Studio\7.0\ArduinoSketch2\ArduinoSketch2\ArduinoCore\Debug\libArduinoCore.a(arduinoSigfox.o) (_ZN11arduinoUART11parseStringEPcjS0_h)
C:\Users\peter\Documents\Atmel Studio\7.0\ArduinoSketch2\ArduinoSketch2\ArduinoCore\Debug\libArduinoCore.a(arduinoUtils.o)
                              C:\Users\peter\Documents\Atmel Studio\7.0\ArduinoSketch2\ArduinoSketch2\ArduinoCore\Debug\libArduinoCore.a(arduinoSigfox.o) (_ZN12arduinoUtils7hex2strEPhPch)
C:\Users\peter\Documents\Atmel Studio\7.0\ArduinoSketch2\ArduinoSketch2\ArduinoCore\Debug\libArduinoCore.a(HardwareSerial.o)
                              C:\Users\peter\Documents\Atmel Studio\7.0\ArduinoSketch2\ArduinoSketch2\ArduinoCore\Debug\libArduinoCore.a(arduinoUART.o) (_ZN14HardwareSerial9availableEv)
C:\Users\peter\Documents\Atmel Studio\7.0\ArduinoSketch2\ArduinoSketch2\ArduinoCore\Debug\libArduinoCore.a(HardwareSerial0.o)
                              C:\Users\peter\Documents\Atmel Studio\7.0\ArduinoSketch2\ArduinoSketch2\ArduinoCore\Debug\libArduinoCore.a(arduinoUART.o) (Serial)
C:\Users\peter\Documents\Atmel Studio\7.0\ArduinoSketch2\ArduinoSketch2\ArduinoCore\Debug\libArduinoCore.a(Print.o)
                              C:\Users\peter\Documents\Atmel Studio\7.0\ArduinoSketch2\ArduinoSketch2\ArduinoCore\Debug\libArduinoCore.a(HardwareSerial.o) (_ZN5Print5writeEPKhj)
C:\Users\peter\Documents\Atmel Studio\7.0\ArduinoSketch2\ArduinoSketch2\ArduinoCore\Debug\libArduinoCore.a(arduinoMultiprotocol.o)
                              C:\Users\peter\Documents\Atmel Studio\7.0\ArduinoSketch2\ArduinoSketch2\ArduinoCore\Debug\libArduinoCore.a(arduinoUtils.o) (_ZN11mp_MCP230085beginEv)
C:\Users\peter\Documents\Atmel Studio\7.0\ArduinoSketch2\ArduinoSketch2\ArduinoCore\Debug\libArduinoCore.a(Wire.o)
                              C:\Users\peter\Documents\Atmel Studio\7.0\ArduinoSketch2\ArduinoSketch2\ArduinoCore\Debug\libArduinoCore.a(arduinoMultiprotocol.o) (_ZN7TwoWire4readEv)
C:\Users\peter\Documents\Atmel Studio\7.0\ArduinoSketch2\ArduinoSketch2\ArduinoCore\Debug\libArduinoCore.a(abi.o)
                              C:\Users\peter\Documents\Atmel Studio\7.0\ArduinoSketch2\ArduinoSketch2\ArduinoCore\Debug\libArduinoCore.a(Print.o) (__cxa_pure_virtual)
C:\Users\peter\Documents\Atmel Studio\7.0\ArduinoSketch2\ArduinoSketch2\ArduinoCore\Debug\libArduinoCore.a(twi.o)
                              C:\Users\peter\Documents\Atmel Studio\7.0\ArduinoSketch2\ArduinoSketch2\ArduinoCore\Debug\libArduinoCore.a(Wire.o) (twi_init)
c:/program files (x86)/atmel/studio/7.0/toolchain/avr8/avr8-gnu-toolchain/bin/../lib/gcc/avr/5.4.0/../../../../avr/lib/avr5\libm.a(addsf3.o)
[...]
Memory Configuration

Name             Origin             Length             Attributes
text             0x00000000         0x00020000         xr
data             0x00800060         0x0000ffa0         rw !x
eeprom           0x00810000         0x00010000         rw !x
fuse             0x00820000         0x00000003         rw !x
lock             0x00830000         0x00000400         rw !x
signature        0x00840000         0x00000400         rw !x
user_signatures  0x00850000         0x00000400         rw !x
*default*        0x00000000         0xffffffff

Linker script and memory map

Address of section .data set to 0x800100
LOAD C:/Program Files (x86)/Atmel/Studio/7.0/Packs/atmel/ATmega_DFP/1.2.150/gcc/dev/atmega328p/avr5/crtatmega328p.o
LOAD Sketch.o
START GROUP
LOAD c:/program files (x86)/atmel/studio/7.0/toolchain/avr8/avr8-gnu-toolchain/bin/../lib/gcc/avr/5.4.0/../../../../avr/lib/avr5\libm.a
LOAD C:\Users\peter\Documents\Atmel Studio\7.0\ArduinoSketch2\ArduinoSketch2\ArduinoCore\Debug\libArduinoCore.a
END GROUP
LOAD c:/program files (x86)/atmel/studio/7.0/toolchain/avr8/avr8-gnu-toolchain/bin/../lib/gcc/avr/5.4.0/avr5\libgcc.a
LOAD c:/program files (x86)/atmel/studio/7.0/toolchain/avr8/avr8-gnu-toolchain/bin/../lib/gcc/avr/5.4.0/../../../../avr/lib/avr5\libm.a
START GROUP
LOAD c:/program files (x86)/atmel/studio/7.0/toolchain/avr8/avr8-gnu-toolchain/bin/../lib/gcc/avr/5.4.0/avr5\libgcc.a
LOAD c:/program files (x86)/atmel/studio/7.0/toolchain/avr8/avr8-gnu-toolchain/bin/../lib/gcc/avr/5.4.0/../../../../avr/lib/avr5\libm.a
LOAD c:/program files (x86)/atmel/studio/7.0/toolchain/avr8/avr8-gnu-toolchain/bin/../lib/gcc/avr/5.4.0/../../../../avr/lib/avr5\libc.a
LOAD C:/Program Files (x86)/Atmel/Studio/7.0/Packs/atmel/ATmega_DFP/1.2.150/gcc/dev/atmega328p/avr5\libatmega328p.a
END GROUP
                0x00020000                __TEXT_REGION_LENGTH__ = DEFINED (__TEXT_REGION_LENGTH__)?__TEXT_REGION_LENGTH__:0x20000
                0x0000ffa0                __DATA_REGION_LENGTH__ = DEFINED (__DATA_REGION_LENGTH__)?__DATA_REGION_LENGTH__:0xffa0
                0x00010000                __EEPROM_REGION_LENGTH__ = DEFINED (__EEPROM_REGION_LENGTH__)?__EEPROM_REGION_LENGTH__:0x10000
                [0x00000003]                __FUSE_REGION_LENGTH__ = DEFINED (__FUSE_REGION_LENGTH__)?__FUSE_REGION_LENGTH__:0x400
                0x00000400                __LOCK_REGION_LENGTH__ = DEFINED (__LOCK_REGION_LENGTH__)?__LOCK_REGION_LENGTH__:0x400
                0x00000400                __SIGNATURE_REGION_LENGTH__ = DEFINED (__SIGNATURE_REGION_LENGTH__)?__SIGNATURE_REGION_LENGTH__:0x400
                0x00000400                __USER_SIGNATURE_REGION_LENGTH__ = DEFINED (__USER_SIGNATURE_REGION_LENGTH__)?__USER_SIGNATURE_REGION_LENGTH__:0x400

.hash
 *(.hash)

.dynsym
 *(.dynsym)

.dynstr
 *(.dynstr)

.gnu.version
 *(.gnu.version)

.gnu.version_d
 *(.gnu.version_d)

.gnu.version_r
 *(.gnu.version_r)

.rel.init
 *(.rel.init)

.rela.init
 *(.rela.init)

.rel.text
 *(.rel.text)
 *(.rel.text.*)
 *(.rel.gnu.linkonce.t*)

.rela.text
 *(.rela.text)
 *(.rela.text.*)
 *(.rela.gnu.linkonce.t*)

.rel.fini
 *(.rel.fini)

.rela.fini
 *(.rela.fini)

.rel.rodata
 *(.rel.rodata)
 *(.rel.rodata.*)
 *(.rel.gnu.linkonce.r*)

.rela.rodata
 *(.rela.rodata)
 *(.rela.rodata.*)
 *(.rela.gnu.linkonce.r*)

.rel.data
 *(.rel.data)
 *(.rel.data.*)
 *(.rel.gnu.linkonce.d*)

.rela.data
 *(.rela.data)
 *(.rela.data.*)
 *(.rela.gnu.linkonce.d*)

.rel.ctors
 *(.rel.ctors)

.rela.ctors
 *(.rela.ctors)

.rel.dtors
 *(.rel.dtors)

.rela.dtors
 *(.rela.dtors)

.rel.got
 *(.rel.got)

.rela.got
 *(.rela.got)

.rel.bss
 *(.rel.bss)

.rela.bss
 *(.rela.bss)

.rel.plt
 *(.rel.plt)

.rela.plt
 *(.rela.plt)

.text           0x00000000     0x2bea
 *(.vectors)
 .vectors       0x00000000       0x68 C:/Program Files (x86)/Atmel/Studio/7.0/Packs/atmel/ATmega_DFP/1.2.150/gcc/dev/atmega328p/avr5/crtatmega328p.o
                0x00000000                __vector_default
                0x00000000                __vectors
 *(.vectors)
 *(.progmem.gcc*)
                0x00000068                . = ALIGN (0x2)
                0x00000068                __trampolines_start = .
 *(.trampolines)
 .trampolines   0x00000068        0x0 linker stubs
 *(.trampolines*)
                0x00000068                __trampolines_end = .
 *libprintf_flt.a:*(.progmem.data)
 *libc.a:*(.progmem.data)
 *(.progmem*)
 .progmem.data.digital_pin_to_timer_PGM
                0x00000068       0x14 C:\Users\peter\Documents\Atmel Studio\7.0\ArduinoSketch2\ArduinoSketch2\ArduinoCore\Debug\libArduinoCore.a(wiring_digital.o)
                0x00000068                digital_pin_to_timer_PGM
 .progmem.data.digital_pin_to_bit_mask_PGM
                0x0000007c       0x14 C:\Users\peter\Documents\Atmel Studio\7.0\ArduinoSketch2\ArduinoSketch2\ArduinoCore\Debug\libArduinoCore.a(wiring_digital.o)
                0x0000007c                digital_pin_to_bit_mask_PGM
 .progmem.data.digital_pin_to_port_PGM
                0x00000090       0x14 C:\Users\peter\Documents\Atmel Studio\7.0\ArduinoSketch2\ArduinoSketch2\ArduinoCore\Debug\libArduinoCore.a(wiring_digital.o)
                0x00000090                digital_pin_to_port_PGM
 .progmem.data.port_to_input_PGM
                0x000000a4        0xa C:\Users\peter\Documents\Atmel Studio\7.0\ArduinoSketch2\ArduinoSketch2\ArduinoCore\Debug\libArduinoCore.a(wiring_digital.o)
                0x000000a4                port_to_input_PGM
 .progmem.data.port_to_output_PGM
                0x000000ae        0xa C:\Users\peter\Documents\Atmel Studio\7.0\ArduinoSketch2\ArduinoSketch2\ArduinoCore\Debug\libArduinoCore.a(wiring_digital.o)
                0x000000ae                port_to_output_PGM
 .progmem.data.port_to_mode_PGM
                0x000000b8        0xa C:\Users\peter\Documents\Atmel Studio\7.0\ArduinoSketch2\ArduinoSketch2\ArduinoCore\Debug\libArduinoCore.a(wiring_digital.o)
                0x000000b8                port_to_mode_PGM
 .progmem.data._ZL11dscrc_table
                0x000000c2      0x100 C:\Users\peter\Documents\Atmel Studio\7.0\ArduinoSketch2\ArduinoSketch2\ArduinoCore\Debug\libArduinoCore.a(OneWire.o)
                0x000001c2                . = ALIGN (0x2)
 *(.jumptables)
 *(.jumptables*)
 *(.lowtext)
 *(.lowtext*)
                0x000001c2                __ctors_start = .
 *(.ctors)
 .ctors         0x000001c2        0x2 Sketch.o
 .ctors         0x000001c4        0x2 C:\Users\peter\Documents\Atmel Studio\7.0\ArduinoSketch2\ArduinoSketch2\ArduinoCore\Debug\libArduinoCore.a(arduinoSigfox.o)
 .ctors         0x000001c6        0x2 C:\Users\peter\Documents\Atmel Studio\7.0\ArduinoSketch2\ArduinoSketch2\ArduinoCore\Debug\libArduinoCore.a(HardwareSerial0.o)
 .ctors         0x000001c8        0x2 C:\Users\peter\Documents\Atmel Studio\7.0\ArduinoSketch2\ArduinoSketch2\ArduinoCore\Debug\libArduinoCore.a(Wire.o)
                0x000001ca                __ctors_end = .
                0x000001ca                __dtors_start = .
 *(.dtors)
                0x000001ca                __dtors_end = .
 SORT(*)(.ctors)
 SORT(*)(.dtors)
 *(.init0)
 .init0         0x000001ca        0x0 C:/Program Files (x86)/Atmel/Studio/7.0/Packs/atmel/ATmega_DFP/1.2.150/gcc/dev/atmega328p/avr5/crtatmega328p.o
                0x000001ca                __init
 *(.init0)
 *(.init1)
 *(.init1)
 *(.init2)
 .init2         0x000001ca        0xc C:/Program Files (x86)/Atmel/Studio/7.0/Packs/atmel/ATmega_DFP/1.2.150/gcc/dev/atmega328p/avr5/crtatmega328p.o
 *(.init2)
 *(.init3)
 *(.init3)
 *(.init4)
 .init4         0x000001d6       0x16 c:/program files (x86)/atmel/studio/7.0/toolchain/avr8/avr8-gnu-toolchain/bin/../lib/gcc/avr/5.4.0/avr5\libgcc.a(_copy_data.o)
                0x000001d6                __do_copy_data
 .init4         0x000001ec       0x10 c:/program files (x86)/atmel/studio/7.0/toolchain/avr8/avr8-gnu-toolchain/bin/../lib/gcc/avr/5.4.0/avr5\libgcc.a(_clear_bss.o)
                0x000001ec                __do_clear_bss
 *(.init4)
 *(.init5)
 *(.init5)
 *(.init6)
 .init6         0x000001fc       0x16 c:/program files (x86)/atmel/studio/7.0/toolchain/avr8/avr8-gnu-toolchain/bin/../lib/gcc/avr/5.4.0/avr5\libgcc.a(_ctors.o)
                0x000001fc                __do_global_ctors
 *(.init6)
 *(.init7)
 *(.init7)
 *(.init8)
 *(.init8)
 *(.init9)
 .init9         0x00000212        0x8 C:/Program Files (x86)/Atmel/Studio/7.0/Packs/atmel/ATmega_DFP/1.2.150/gcc/dev/atmega328p/avr5/crtatmega328p.o
 *(.init9)
 *(.text)
 .text          0x0000021a        0x4 C:/Program Files (x86)/Atmel/Studio/7.0/Packs/atmel/ATmega_DFP/1.2.150/gcc/dev/atmega328p/avr5/crtatmega328p.o
                0x0000021a                __vector_22
                0x0000021a                __vector_1
                0x0000021a                __vector_12
                0x0000021a                __bad_interrupt
                0x0000021a                __vector_3
                0x0000021a                __vector_23
                0x0000021a                __vector_25
                0x0000021a                __vector_11
                0x0000021a                __vector_13
                0x0000021a                __vector_17
                0x0000021a                __vector_7
                0x0000021a                __vector_5
                0x0000021a                __vector_4
                0x0000021a                __vector_9
                0x0000021a                __vector_2
                0x0000021a                __vector_21
                0x0000021a                __vector_15
                0x0000021a                __vector_8
                0x0000021a                __vector_14
                0x0000021a                __vector_10
                0x0000021a                __vector_20
                0x0000021e                . = ALIGN (0x2)
 *(.text.*)
 .text.setup    0x0000021e       0x1c Sketch.o
                0x0000021e                setup
 .text.loop     0x0000023a      0x148 Sketch.o
                0x0000023a                loop
 .text.startup._GLOBAL__sub_I_oneWire
                0x00000382       0x16 Sketch.o
 .text.initVariant
                0x00000398        0x2 C:\Users\peter\Documents\Atmel Studio\7.0\ArduinoSketch2\ArduinoSketch2\ArduinoCore\Debug\libArduinoCore.a(main.o)
                0x00000398                initVariant
 .text.startup.main
                0x0000039a       0x1e C:\Users\peter\Documents\Atmel Studio\7.0\ArduinoSketch2\ArduinoSketch2\ArduinoCore\Debug\libArduinoCore.a(main.o)
                0x0000039a                main
 .text.__vector_16
                0x000003b8       0x94 C:\Users\peter\Documents\Atmel Studio\7.0\ArduinoSketch2\ArduinoSketch2\ArduinoCore\Debug\libArduinoCore.a(wiring.o)
                0x000003b8                __vector_16
 .text.millis   0x0000044c       0x18 C:\Users\peter\Documents\Atmel Studio\7.0\ArduinoSketch2\ArduinoSketch2\ArduinoCore\Debug\libArduinoCore.a(wiring.o)
                0x0000044c                millis
 .text.micros   0x00000464       0x4a C:\Users\peter\Documents\Atmel Studio\7.0\ArduinoSketch2\ArduinoSketch2\ArduinoCore\Debug\libArduinoCore.a(wiring.o)
                0x00000464                micros
 .text.delay    0x000004ae       0x78 C:\Users\peter\Documents\Atmel Studio\7.0\ArduinoSketch2\ArduinoSketch2\ArduinoCore\Debug\libArduinoCore.a(wiring.o)
                0x000004ae                delay
 .text.delayMicroseconds
                0x00000526       0x16 C:\Users\peter\Documents\Atmel Studio\7.0\ArduinoSketch2\ArduinoSketch2\ArduinoCore\Debug\libArduinoCore.a(wiring.o)
                0x00000526                delayMicroseconds
 .text.init     0x0000053c       0x76 C:\Users\peter\Documents\Atmel Studio\7.0\ArduinoSketch2\ArduinoSketch2\ArduinoCore\Debug\libArduinoCore.a(wiring.o)
                0x0000053c                init
 .text.analogWrite
                0x000005b2       0xbe C:\Users\peter\Documents\Atmel Studio\7.0\ArduinoSketch2\ArduinoSketch2\ArduinoCore\Debug\libArduinoCore.a(wiring_analog.o)
                0x000005b2                analogWrite
 .text.turnOffPWM
                0x00000670       0x52 C:\Users\peter\Documents\Atmel Studio\7.0\ArduinoSketch2\ArduinoSketch2\ArduinoCore\Debug\libArduinoCore.a(wiring_digital.o)
 .text.pinMode  0x000006c2       0x78 C:\Users\peter\Documents\Atmel Studio\7.0\ArduinoSketch2\ArduinoSketch2\ArduinoCore\Debug\libArduinoCore.a(wiring_digital.o)
                0x000006c2                pinMode
 .text.digitalWrite
                0x0000073a       0x5e C:\Users\peter\Documents\Atmel Studio\7.0\ArduinoSketch2\ArduinoSketch2\ArduinoCore\Debug\libArduinoCore.a(wiring_digital.o)
                0x0000073a                digitalWrite
 .text._ZN17DallasTemperature10setOneWireEP7OneWire
                0x00000798       0x18 C:\Users\peter\Documents\Atmel Studio\7.0\ArduinoSketch2\ArduinoSketch2\ArduinoCore\Debug\libArduinoCore.a(DallasTemperature.o)
                0x00000798                _ZN17DallasTemperature10setOneWireEP7OneWire
 .text._ZN17DallasTemperatureC2EP7OneWire
                0x000007b0       0x14 C:\Users\peter\Documents\Atmel Studio\7.0\ArduinoSketch2\ArduinoSketch2\ArduinoCore\Debug\libArduinoCore.a(DallasTemperature.o)
                0x000007b0                _ZN17DallasTemperatureC1EP7OneWire
                0x000007b0                _ZN17DallasTemperatureC2EP7OneWire
 .text._ZN17DallasTemperature14readScratchPadEPKhPh
                0x000007c4       0x76 C:\Users\peter\Documents\Atmel Studio\7.0\ArduinoSketch2\ArduinoSketch2\ArduinoCore\Debug\libArduinoCore.a(DallasTemperature.o)
                0x000007c4                _ZN17DallasTemperature14readScratchPadEPKhPh
 .text._ZN17DallasTemperature11isConnectedEPKhPh
                0x0000083a       0x26 C:\Users\peter\Documents\Atmel Studio\7.0\ArduinoSketch2\ArduinoSketch2\ArduinoCore\Debug\libArduinoCore.a(DallasTemperature.o)
                0x0000083a                _ZN17DallasTemperature11isConnectedEPKhPh
 .text._ZN17DallasTemperature13getResolutionEPKh
                0x00000860       0x64 C:\Users\peter\Documents\Atmel Studio\7.0\ArduinoSketch2\ArduinoSketch2\ArduinoCore\Debug\libArduinoCore.a(DallasTemperature.o)
                0x00000860                _ZN17DallasTemperature13getResolutionEPKh
 .text._ZN17DallasTemperature20isConversionCompleteEv
                0x000008c4       0x16 C:\Users\peter\Documents\Atmel Studio\7.0\ArduinoSketch2\ArduinoSketch2\ArduinoCore\Debug\libArduinoCore.a(DallasTemperature.o)
                0x000008c4                _ZN17DallasTemperature20isConversionCompleteEv
 .text._ZN17DallasTemperature27blockTillConversionCompleteEh
                0x000008da       0xb6 C:\Users\peter\Documents\Atmel Studio\7.0\ArduinoSketch2\ArduinoSketch2\ArduinoCore\Debug\libArduinoCore.a(DallasTemperature.o)
                0x000008da                _ZN17DallasTemperature27blockTillConversionCompleteEh
 .text._ZN17DallasTemperature28requestTemperaturesByAddressEPKh
                0x00000990       0x5e C:\Users\peter\Documents\Atmel Studio\7.0\ArduinoSketch2\ArduinoSketch2\ArduinoCore\Debug\libArduinoCore.a(DallasTemperature.o)
                0x00000990                _ZN17DallasTemperature28requestTemperaturesByAddressEPKh
 .text._ZN17DallasTemperature20calculateTemperatureEPKhPh
                0x000009ee       0x5c C:\Users\peter\Documents\Atmel Studio\7.0\ArduinoSketch2\ArduinoSketch2\ArduinoCore\Debug\libArduinoCore.a(DallasTemperature.o)
                0x000009ee                _ZN17DallasTemperature20calculateTemperatureEPKhPh
 .text._ZN17DallasTemperature7getTempEPKh
                0x00000a4a       0x5c C:\Users\peter\Documents\Atmel Studio\7.0\ArduinoSketch2\ArduinoSketch2\ArduinoCore\Debug\libArduinoCore.a(DallasTemperature.o)
                0x00000a4a                _ZN17DallasTemperature7getTempEPKh
 .text._ZN17DallasTemperature8getTempCEPKh
                0x00000aa6       0x30 C:\Users\peter\Documents\Atmel Studio\7.0\ArduinoSketch2\ArduinoSketch2\ArduinoCore\Debug\libArduinoCore.a(DallasTemperature.o)
                0x00000aa6                _ZN17DallasTemperature8getTempCEPKh
 .text._ZN13arduinoSigfox9generatorEhiPKcz
                0x00000ad6      0x1a4 C:\Users\peter\Documents\Atmel Studio\7.0\ArduinoSketch2\ArduinoSketch2\ArduinoCore\Debug\libArduinoCore.a(arduinoSigfox.o)
                0x00000ad6                _ZN13arduinoSigfox9generatorEhiPKcz
 .text._ZN13arduinoSigfox15parseUint8ValueEv
                0x00000c7a       0x22 C:\Users\peter\Documents\Atmel Studio\7.0\ArduinoSketch2\ArduinoSketch2\ArduinoCore\Debug\libArduinoCore.a(arduinoSigfox.o)
                0x00000c7a                _ZN13arduinoSigfox15parseUint8ValueEv
 .text._ZN13arduinoSigfox3OFFEh
                0x00000c9c       0x32 C:\Users\peter\Documents\Atmel Studio\7.0\ArduinoSketch2\ArduinoSketch2\ArduinoCore\Debug\libArduinoCore.a(arduinoSigfox.o)
                0x00000c9c                _ZN13arduinoSigfox3OFFEh
 .text._ZN13arduinoSigfox4sendEPc
                0x00000cce       0x8a C:\Users\peter\Documents\Atmel Studio\7.0\ArduinoSketch2\ArduinoSketch2\ArduinoCore\Debug\libArduinoCore.a(arduinoSigfox.o)
                0x00000cce                _ZN13arduinoSigfox4sendEPc
 .text._ZN13arduinoSigfox4sendEPhj
                0x00000d58       0x56 C:\Users\peter\Documents\Atmel Studio\7.0\ArduinoSketch2\ArduinoSketch2\ArduinoCore\Debug\libArduinoCore.a(arduinoSigfox.o)
                0x00000d58                _ZN13arduinoSigfox4sendEPhj
 .text._ZN13arduinoSigfox9getRegionEv
                0x00000dae       0x72 C:\Users\peter\Documents\Atmel Studio\7.0\ArduinoSketch2\ArduinoSketch2\ArduinoCore\Debug\libArduinoCore.a(arduinoSigfox.o)
                0x00000dae                _ZN13arduinoSigfox9getRegionEv
 .text._ZN13arduinoSigfox5checkEv
                0x00000e20       0x52 C:\Users\peter\Documents\Atmel Studio\7.0\ArduinoSketch2\ArduinoSketch2\ArduinoCore\Debug\libArduinoCore.a(arduinoSigfox.o)
                0x00000e20                _ZN13arduinoSigfox5checkEv
 .text._ZN13arduinoSigfox2ONEh
                0x00000e72       0x64 C:\Users\peter\Documents\Atmel Studio\7.0\ArduinoSketch2\ArduinoSketch2\ArduinoCore\Debug\libArduinoCore.a(arduinoSigfox.o)
                0x00000e72                _ZN13arduinoSigfox2ONEh
 .text.startup._GLOBAL__sub_I__ZN13arduinoSigfox9generatorEhiPKcz
                0x00000ed6       0x3a C:\Users\peter\Documents\Atmel Studio\7.0\ArduinoSketch2\ArduinoSketch2\ArduinoCore\Debug\libArduinoCore.a(arduinoSigfox.o)
 .text._ZN13LowPowerClass9powerDownE8period_t5adc_t5bod_t
                0x00000f10       0x94 C:\Users\peter\Documents\Atmel Studio\7.0\ArduinoSketch2\ArduinoSketch2\ArduinoCore\Debug\libArduinoCore.a(LowPower.o)
                0x00000f10                _ZN13LowPowerClass9powerDownE8period_t5adc_t5bod_t
 .text.__vector_6
                0x00000fa4       0x2e C:\Users\peter\Documents\Atmel Studio\7.0\ArduinoSketch2\ArduinoSketch2\ArduinoCore\Debug\libArduinoCore.a(LowPower.o)
                0x00000fa4                __vector_6
 .text._ZN7OneWire5resetEv
                0x00000fd2       0x7e C:\Users\peter\Documents\Atmel Studio\7.0\ArduinoSketch2\ArduinoSketch2\ArduinoCore\Debug\libArduinoCore.a(OneWire.o)
                0x00000fd2                _ZN7OneWire5resetEv
 .text._ZN7OneWire9write_bitEh
                0x00001050       0x66 C:\Users\peter\Documents\Atmel Studio\7.0\ArduinoSketch2\ArduinoSketch2\ArduinoCore\Debug\libArduinoCore.a(OneWire.o)
                0x00001050                _ZN7OneWire9write_bitEh
 .text._ZN7OneWire8read_bitEv
                0x000010b6       0x56 C:\Users\peter\Documents\Atmel Studio\7.0\ArduinoSketch2\ArduinoSketch2\ArduinoCore\Debug\libArduinoCore.a(OneWire.o)
                0x000010b6                _ZN7OneWire8read_bitEv
 .text._ZN7OneWire5writeEhh
                0x0000110c       0x68 C:\Users\peter\Documents\Atmel Studio\7.0\ArduinoSketch2\ArduinoSketch2\ArduinoCore\Debug\libArduinoCore.a(OneWire.o)
                0x0000110c                _ZN7OneWire5writeEhh
 .text._ZN7OneWire4readEv
                0x00001174       0x38 C:\Users\peter\Documents\Atmel Studio\7.0\ArduinoSketch2\ArduinoSketch2\ArduinoCore\Debug\libArduinoCore.a(OneWire.o)
                0x00001174                _ZN7OneWire4readEv
 .text._ZN7OneWire6selectEPKh
                0x000011ac       0x3e C:\Users\peter\Documents\Atmel Studio\7.0\ArduinoSketch2\ArduinoSketch2\ArduinoCore\Debug\libArduinoCore.a(OneWire.o)
                0x000011ac                _ZN7OneWire6selectEPKh
 .text._ZN7OneWire12reset_searchEv
                0x000011ea       0x18 C:\Users\peter\Documents\Atmel Studio\7.0\ArduinoSketch2\ArduinoSketch2\ArduinoCore\Debug\libArduinoCore.a(OneWire.o)
                0x000011ea                _ZN7OneWire12reset_searchEv
 .text._ZN7OneWireC2Eh
                0x00001202       0x46 C:\Users\peter\Documents\Atmel Studio\7.0\ArduinoSketch2\ArduinoSketch2\ArduinoCore\Debug\libArduinoCore.a(OneWire.o)
                0x00001202                _ZN7OneWireC1Eh
                0x00001202                _ZN7OneWireC2Eh
 .text._ZN7OneWire4crc8EPKhh
                0x00001248       0x1a C:\Users\peter\Documents\Atmel Studio\7.0\ArduinoSketch2\ArduinoSketch2\ArduinoCore\Debug\libArduinoCore.a(OneWire.o)
                0x00001248                _ZN7OneWire4crc8EPKhh
 .text.__empty  0x00001262        0x2 C:\Users\peter\Documents\Atmel Studio\7.0\ArduinoSketch2\ArduinoSketch2\ArduinoCore\Debug\libArduinoCore.a(hooks.o)
                0x00001262                yield
 .text._ZN11arduinoUART4findEPhjPc
                0x00001264       0x72 C:\Users\peter\Documents\Atmel Studio\7.0\ArduinoSketch2\ArduinoSketch2\ArduinoCore\Debug\libArduinoCore.a(arduinoUART.o)
                0x00001264                _ZN11arduinoUART4findEPhjPc
 .text.beginSerial
                0x000012d6       0x14 C:\Users\peter\Documents\Atmel Studio\7.0\ArduinoSketch2\ArduinoSketch2\ArduinoCore\Debug\libArduinoCore.a(arduinoUART.o)
                0x000012d6                beginSerial
 .text._ZN11arduinoUART9beginUARTEv
                0x000012ea       0x10 C:\Users\peter\Documents\Atmel Studio\7.0\ArduinoSketch2\ArduinoSketch2\ArduinoCore\Debug\libArduinoCore.a(arduinoUART.o)
                0x000012ea                _ZN11arduinoUART9beginUARTEv
 .text.closeSerial
                0x000012fa        0xe C:\Users\peter\Documents\Atmel Studio\7.0\ArduinoSketch2\ArduinoSketch2\ArduinoCore\Debug\libArduinoCore.a(arduinoUART.o)
                0x000012fa                closeSerial
 .text._ZN11arduinoUART9closeUARTEv
                0x00001308        0x8 C:\Users\peter\Documents\Atmel Studio\7.0\ArduinoSketch2\ArduinoSketch2\ArduinoCore\Debug\libArduinoCore.a(arduinoUART.o)
                0x00001308                _ZN11arduinoUART9closeUARTEv
 .text.serialWrite
                0x00001310       0x10 C:\Users\peter\Documents\Atmel Studio\7.0\ArduinoSketch2\ArduinoSketch2\ArduinoCore\Debug\libArduinoCore.a(arduinoUART.o)
                0x00001310                serialWrite
 .text.printString
                0x00001320       0x20 C:\Users\peter\Documents\Atmel Studio\7.0\ArduinoSketch2\ArduinoSketch2\ArduinoCore\Debug\libArduinoCore.a(arduinoUART.o)
                0x00001320                printString
 .text.serialAvailable
                0x00001340       0x12 C:\Users\peter\Documents\Atmel Studio\7.0\ArduinoSketch2\ArduinoSketch2\ArduinoCore\Debug\libArduinoCore.a(arduinoUART.o)
                0x00001340                serialAvailable
 .text.serialRead
                0x00001352       0x12 C:\Users\peter\Documents\Atmel Studio\7.0\ArduinoSketch2\ArduinoSketch2\ArduinoCore\Debug\libArduinoCore.a(arduinoUART.o)
                0x00001352                serialRead
 .text._ZN11arduinoUART7waitForEPcS0_S0_S0_m
                0x00001364      0x198 C:\Users\peter\Documents\Atmel Studio\7.0\ArduinoSketch2\ArduinoSketch2\ArduinoCore\Debug\libArduinoCore.a(arduinoUART.o)
                0x00001364                _ZN11arduinoUART7waitForEPcS0_S0_S0_m
 .text._ZN11arduinoUART7waitForEPcS0_m
                0x000014fc       0x2a C:\Users\peter\Documents\Atmel Studio\7.0\ArduinoSketch2\ArduinoSketch2\ArduinoCore\Debug\libArduinoCore.a(arduinoUART.o)
                0x000014fc                _ZN11arduinoUART7waitForEPcS0_m
 .text.serialFlush
                0x00001526        0xe C:\Users\peter\Documents\Atmel Studio\7.0\ArduinoSketch2\ArduinoSketch2\ArduinoCore\Debug\libArduinoCore.a(arduinoUART.o)
                0x00001526                serialFlush
 .text._ZN11arduinoUART11sendCommandEPcS0_S0_S0_S0_m
                0x00001534      0x1c6 C:\Users\peter\Documents\Atmel Studio\7.0\ArduinoSketch2\ArduinoSketch2\ArduinoCore\Debug\libArduinoCore.a(arduinoUART.o)
                0x00001534                _ZN11arduinoUART11sendCommandEPcS0_S0_S0_S0_m
 .text._ZN11arduinoUART11sendCommandEPcS0_S0_m
                0x000016fa       0x32 C:\Users\peter\Documents\Atmel Studio\7.0\ArduinoSketch2\ArduinoSketch2\ArduinoCore\Debug\libArduinoCore.a(arduinoUART.o)
                0x000016fa                _ZN11arduinoUART11sendCommandEPcS0_S0_m
 .text._ZN12arduinoUtils7hex2strEPhPch
                0x0000172c       0x56 C:\Users\peter\Documents\Atmel Studio\7.0\ArduinoSketch2\ArduinoSketch2\ArduinoCore\Debug\libArduinoCore.a(arduinoUtils.o)
                0x0000172c                _ZN12arduinoUtils7hex2strEPhPch
 .text._ZN12arduinoUtils18multiprotocolBeginEv
                0x00001782       0xe0 C:\Users\peter\Documents\Atmel Studio\7.0\ArduinoSketch2\ArduinoSketch2\ArduinoCore\Debug\libArduinoCore.a(arduinoUtils.o)
                0x00001782                _ZN12arduinoUtils18multiprotocolBeginEv
 .text._ZN12arduinoUtils12setONSocket0Ev
                0x00001862       0x36 C:\Users\peter\Documents\Atmel Studio\7.0\ArduinoSketch2\ArduinoSketch2\ArduinoCore\Debug\libArduinoCore.a(arduinoUtils.o)
                0x00001862                _ZN12arduinoUtils12setONSocket0Ev
 .text._ZN12arduinoUtils13setOFFSocket0Ev
                0x00001898       0x1c C:\Users\peter\Documents\Atmel Studio\7.0\ArduinoSketch2\ArduinoSketch2\ArduinoCore\Debug\libArduinoCore.a(arduinoUtils.o)
                0x00001898                _ZN12arduinoUtils13setOFFSocket0Ev
 .text._ZN12arduinoUtils13setMUXSocket0Ev
                0x000018b4       0x24 C:\Users\peter\Documents\Atmel Studio\7.0\ArduinoSketch2\ArduinoSketch2\ArduinoCore\Debug\libArduinoCore.a(arduinoUtils.o)
                0x000018b4                _ZN12arduinoUtils13setMUXSocket0Ev
 .text._ZN12arduinoUtils12setONSocket1Ev
                0x000018d8       0x36 C:\Users\peter\Documents\Atmel Studio\7.0\ArduinoSketch2\ArduinoSketch2\ArduinoCore\Debug\libArduinoCore.a(arduinoUtils.o)
                0x000018d8                _ZN12arduinoUtils12setONSocket1Ev
 .text._ZN12arduinoUtils13setOFFSocket1Ev
                0x0000190e       0x1c C:\Users\peter\Documents\Atmel Studio\7.0\ArduinoSketch2\ArduinoSketch2\ArduinoCore\Debug\libArduinoCore.a(arduinoUtils.o)
                0x0000190e                _ZN12arduinoUtils13setOFFSocket1Ev
 .text._ZN12arduinoUtils13setMUXSocket1Ev
                0x0000192a       0x24 C:\Users\peter\Documents\Atmel Studio\7.0\ArduinoSketch2\ArduinoSketch2\ArduinoCore\Debug\libArduinoCore.a(arduinoUtils.o)
                0x0000192a                _ZN12arduinoUtils13setMUXSocket1Ev
 .text._ZN14HardwareSerial9availableEv
                0x0000194e       0x18 C:\Users\peter\Documents\Atmel Studio\7.0\ArduinoSketch2\ArduinoSketch2\ArduinoCore\Debug\libArduinoCore.a(HardwareSerial.o)
                0x0000194e                _ZN14HardwareSerial9availableEv
 .text._ZN14HardwareSerial4peekEv
                0x00001966       0x1c C:\Users\peter\Documents\Atmel Studio\7.0\ArduinoSketch2\ArduinoSketch2\ArduinoCore\Debug\libArduinoCore.a(HardwareSerial.o)
                0x00001966                _ZN14HardwareSerial4peekEv
 .text._ZN14HardwareSerial4readEv
                0x00001982       0x28 C:\Users\peter\Documents\Atmel Studio\7.0\ArduinoSketch2\ArduinoSketch2\ArduinoCore\Debug\libArduinoCore.a(HardwareSerial.o)
                0x00001982                _ZN14HardwareSerial4readEv
 .text._ZN14HardwareSerial17availableForWriteEv
                0x000019aa       0x1e C:\Users\peter\Documents\Atmel Studio\7.0\ArduinoSketch2\ArduinoSketch2\ArduinoCore\Debug\libArduinoCore.a(HardwareSerial.o)
                0x000019aa                _ZN14HardwareSerial17availableForWriteEv
 .text._Z14serialEventRunv
                0x000019c8       0x1c C:\Users\peter\Documents\Atmel Studio\7.0\ArduinoSketch2\ArduinoSketch2\ArduinoCore\Debug\libArduinoCore.a(HardwareSerial.o)
                0x000019c8                _Z14serialEventRunv
 .text._ZN14HardwareSerial17_tx_udr_empty_irqEv
                0x000019e4       0x42 C:\Users\peter\Documents\Atmel Studio\7.0\ArduinoSketch2\ArduinoSketch2\ArduinoCore\Debug\libArduinoCore.a(HardwareSerial.o)
                0x000019e4                _ZN14HardwareSerial17_tx_udr_empty_irqEv
 .text._ZN14HardwareSerial5writeEh
                0x00001a26       0x8e C:\Users\peter\Documents\Atmel Studio\7.0\ArduinoSketch2\ArduinoSketch2\ArduinoCore\Debug\libArduinoCore.a(HardwareSerial.o)
                0x00001a26                _ZN14HardwareSerial5writeEh
 .text._ZN14HardwareSerial5flushEv
                0x00001ab4       0x44 C:\Users\peter\Documents\Atmel Studio\7.0\ArduinoSketch2\ArduinoSketch2\ArduinoCore\Debug\libArduinoCore.a(HardwareSerial.o)
                0x00001ab4                _ZN14HardwareSerial5flushEv
 .text._ZN14HardwareSerial5beginEmh
                0x00001af8       0xca C:\Users\peter\Documents\Atmel Studio\7.0\ArduinoSketch2\ArduinoSketch2\ArduinoCore\Debug\libArduinoCore.a(HardwareSerial.o)
                0x00001af8                _ZN14HardwareSerial5beginEmh
 .text._ZN14HardwareSerial3endEv
                0x00001bc2       0x44 C:\Users\peter\Documents\Atmel Studio\7.0\ArduinoSketch2\ArduinoSketch2\ArduinoCore\Debug\libArduinoCore.a(HardwareSerial.o)
                0x00001bc2                _ZN14HardwareSerial3endEv
 .text._ZN5Print17availableForWriteEv
                0x00001c06        0x6 C:\Users\peter\Documents\Atmel Studio\7.0\ArduinoSketch2\ArduinoSketch2\ArduinoCore\Debug\libArduinoCore.a(HardwareSerial0.o)
                0x00001c06                _ZN5Print17availableForWriteEv
 .text.__vector_18
                0x00001c0c       0x64 C:\Users\peter\Documents\Atmel Studio\7.0\ArduinoSketch2\ArduinoSketch2\ArduinoCore\Debug\libArduinoCore.a(HardwareSerial0.o)
                0x00001c0c                __vector_18
 .text.__vector_19
                0x00001c70       0x4c C:\Users\peter\Documents\Atmel Studio\7.0\ArduinoSketch2\ArduinoSketch2\ArduinoCore\Debug\libArduinoCore.a(HardwareSerial0.o)
                0x00001c70                __vector_19
 .text._Z17Serial0_availablev
                0x00001cbc       0x14 C:\Users\peter\Documents\Atmel Studio\7.0\ArduinoSketch2\ArduinoSketch2\ArduinoCore\Debug\libArduinoCore.a(HardwareSerial0.o)
                0x00001cbc                _Z17Serial0_availablev
 .text.startup._GLOBAL__sub_I___vector_18
                0x00001cd0       0x5a C:\Users\peter\Documents\Atmel Studio\7.0\ArduinoSketch2\ArduinoSketch2\ArduinoCore\Debug\libArduinoCore.a(HardwareSerial0.o)
 .text._ZN5Print5writeEPKhj
                0x00001d2a       0x54 C:\Users\peter\Documents\Atmel Studio\7.0\ArduinoSketch2\ArduinoSketch2\ArduinoCore\Debug\libArduinoCore.a(Print.o)
                0x00001d2a                _ZN5Print5writeEPKhj
 .text._ZN11mp_MCP230085beginEh
                0x00001d7e       0x9e C:\Users\peter\Documents\Atmel Studio\7.0\ArduinoSketch2\ArduinoSketch2\ArduinoCore\Debug\libArduinoCore.a(arduinoMultiprotocol.o)
                0x00001d7e                _ZN11mp_MCP230085beginEh
 .text._ZN11mp_MCP230085beginEv
                0x00001e1c        0x6 C:\Users\peter\Documents\Atmel Studio\7.0\ArduinoSketch2\ArduinoSketch2\ArduinoCore\Debug\libArduinoCore.a(arduinoMultiprotocol.o)
                0x00001e1c                _ZN11mp_MCP230085beginEv
 .text._ZN11mp_MCP230086write8Ehh
                0x00001e22       0x38 C:\Users\peter\Documents\Atmel Studio\7.0\ArduinoSketch2\ArduinoSketch2\ArduinoCore\Debug\libArduinoCore.a(arduinoMultiprotocol.o)
                0x00001e22                _ZN11mp_MCP230086write8Ehh
 .text._ZN11mp_MCP230089writeGPIOEh
                0x00001e5a        0x8 C:\Users\peter\Documents\Atmel Studio\7.0\ArduinoSketch2\ArduinoSketch2\ArduinoCore\Debug\libArduinoCore.a(arduinoMultiprotocol.o)
                0x00001e5a                _ZN11mp_MCP230089writeGPIOEh
 .text._ZN11mp_MCP230085read8Eh
                0x00001e62       0x4c C:\Users\peter\Documents\Atmel Studio\7.0\ArduinoSketch2\ArduinoSketch2\ArduinoCore\Debug\libArduinoCore.a(arduinoMultiprotocol.o)
                0x00001e62                _ZN11mp_MCP230085read8Eh
 .text._ZN11mp_MCP230087pinModeEhh
                0x00001eae       0x4a C:\Users\peter\Documents\Atmel Studio\7.0\ArduinoSketch2\ArduinoSketch2\ArduinoCore\Debug\libArduinoCore.a(arduinoMultiprotocol.o)
                0x00001eae                _ZN11mp_MCP230087pinModeEhh
 .text._ZN11mp_MCP230088readGPIOEv
                0x00001ef8        0x6 C:\Users\peter\Documents\Atmel Studio\7.0\ArduinoSketch2\ArduinoSketch2\ArduinoCore\Debug\libArduinoCore.a(arduinoMultiprotocol.o)
                0x00001ef8                _ZN11mp_MCP230088readGPIOEv
 .text._ZN11mp_MCP2300812digitalWriteEhh
                0x00001efe       0x46 C:\Users\peter\Documents\Atmel Studio\7.0\ArduinoSketch2\ArduinoSketch2\ArduinoCore\Debug\libArduinoCore.a(arduinoMultiprotocol.o)
                0x00001efe                _ZN11mp_MCP2300812digitalWriteEhh
 .text._ZN7TwoWire9availableEv
                0x00001f44       0x10 C:\Users\peter\Documents\Atmel Studio\7.0\ArduinoSketch2\ArduinoSketch2\ArduinoCore\Debug\libArduinoCore.a(Wire.o)
                0x00001f44                _ZN7TwoWire9availableEv
 .text._ZN7TwoWire4readEv
                0x00001f54       0x28 C:\Users\peter\Documents\Atmel Studio\7.0\ArduinoSketch2\ArduinoSketch2\ArduinoCore\Debug\libArduinoCore.a(Wire.o)
                0x00001f54                _ZN7TwoWire4readEv
 .text._ZN7TwoWire4peekEv
                0x00001f7c       0x1e C:\Users\peter\Documents\Atmel Studio\7.0\ArduinoSketch2\ArduinoSketch2\ArduinoCore\Debug\libArduinoCore.a(Wire.o)
                0x00001f7c                _ZN7TwoWire4peekEv
 .text._ZN7TwoWire5flushEv
                0x00001f9a        0x2 C:\Users\peter\Documents\Atmel Studio\7.0\ArduinoSketch2\ArduinoSketch2\ArduinoCore\Debug\libArduinoCore.a(Wire.o)
                0x00001f9a                _ZN7TwoWire5flushEv
 .text._ZN7TwoWire5writeEPKhj
                0x00001f9c       0x5a C:\Users\peter\Documents\Atmel Studio\7.0\ArduinoSketch2\ArduinoSketch2\ArduinoCore\Debug\libArduinoCore.a(Wire.o)
                0x00001f9c                _ZN7TwoWire5writeEPKhj
 .text._ZN7TwoWire5writeEh
                0x00001ff6       0x5e C:\Users\peter\Documents\Atmel Studio\7.0\ArduinoSketch2\ArduinoSketch2\ArduinoCore\Debug\libArduinoCore.a(Wire.o)
                0x00001ff6                _ZN7TwoWire5writeEh
 .text._ZN7TwoWireC2Ev
                0x00002054       0x20 C:\Users\peter\Documents\Atmel Studio\7.0\ArduinoSketch2\ArduinoSketch2\ArduinoCore\Debug\libArduinoCore.a(Wire.o)
                0x00002054                _ZN7TwoWireC1Ev
                0x00002054                _ZN7TwoWireC2Ev
 .text._ZN7TwoWire5beginEv
                0x00002074       0x14 C:\Users\peter\Documents\Atmel Studio\7.0\ArduinoSketch2\ArduinoSketch2\ArduinoCore\Debug\libArduinoCore.a(Wire.o)
                0x00002074                _ZN7TwoWire5beginEv
 .text._ZN7TwoWire17beginTransmissionEh
                0x00002088       0x14 C:\Users\peter\Documents\Atmel Studio\7.0\ArduinoSketch2\ArduinoSketch2\ArduinoCore\Debug\libArduinoCore.a(Wire.o)
                0x00002088                _ZN7TwoWire17beginTransmissionEh
 .text._ZN7TwoWire17beginTransmissionEi
                0x0000209c        0x4 C:\Users\peter\Documents\Atmel Studio\7.0\ArduinoSketch2\ArduinoSketch2\ArduinoCore\Debug\libArduinoCore.a(Wire.o)
                0x0000209c                _ZN7TwoWire17beginTransmissionEi
 .text._ZN7TwoWire15endTransmissionEh
                0x000020a0       0x26 C:\Users\peter\Documents\Atmel Studio\7.0\ArduinoSketch2\ArduinoSketch2\ArduinoCore\Debug\libArduinoCore.a(Wire.o)
                0x000020a0                _ZN7TwoWire15endTransmissionEh
 .text._ZN7TwoWire11requestFromEhhmhh
                0x000020c6       0xa8 C:\Users\peter\Documents\Atmel Studio\7.0\ArduinoSketch2\ArduinoSketch2\ArduinoCore\Debug\libArduinoCore.a(Wire.o)
                0x000020c6                _ZN7TwoWire11requestFromEhhmhh
 .text._ZN7TwoWire11requestFromEhhh
                0x0000216e       0x20 C:\Users\peter\Documents\Atmel Studio\7.0\ArduinoSketch2\ArduinoSketch2\ArduinoCore\Debug\libArduinoCore.a(Wire.o)
                0x0000216e                _ZN7TwoWire11requestFromEhhh
 .text._ZN7TwoWire11requestFromEii
                0x0000218e        0x6 C:\Users\peter\Documents\Atmel Studio\7.0\ArduinoSketch2\ArduinoSketch2\ArduinoCore\Debug\libArduinoCore.a(Wire.o)
                0x0000218e                _ZN7TwoWire11requestFromEii
 .text._ZN7TwoWire15endTransmissionEv
                0x00002194        0x6 C:\Users\peter\Documents\Atmel Studio\7.0\ArduinoSketch2\ArduinoSketch2\ArduinoCore\Debug\libArduinoCore.a(Wire.o)
                0x00002194                _ZN7TwoWire15endTransmissionEv
 .text.startup._GLOBAL__sub_I__ZN7TwoWire8rxBufferE
                0x0000219a        0x8 C:\Users\peter\Documents\Atmel Studio\7.0\ArduinoSketch2\ArduinoSketch2\ArduinoCore\Debug\libArduinoCore.a(Wire.o)
 .text.twi_init
                0x000021a2       0x3c C:\Users\peter\Documents\Atmel Studio\7.0\ArduinoSketch2\ArduinoSketch2\ArduinoCore\Debug\libArduinoCore.a(twi.o)
                0x000021a2                twi_init
 .text.twi_readFrom
                0x000021de       0x90 C:\Users\peter\Documents\Atmel Studio\7.0\ArduinoSketch2\ArduinoSketch2\ArduinoCore\Debug\libArduinoCore.a(twi.o)
                0x000021de                twi_readFrom
 .text.twi_writeTo
                0x0000226e       0xac C:\Users\peter\Documents\Atmel Studio\7.0\ArduinoSketch2\ArduinoSketch2\ArduinoCore\Debug\libArduinoCore.a(twi.o)
                0x0000226e                twi_writeTo
 .text.twi_transmit
                0x0000231a       0x50 C:\Users\peter\Documents\Atmel Studio\7.0\ArduinoSketch2\ArduinoSketch2\ArduinoCore\Debug\libArduinoCore.a(twi.o)
                0x0000231a                twi_transmit
 .text.twi_stop
                0x0000236a       0x14 C:\Users\peter\Documents\Atmel Studio\7.0\ArduinoSketch2\ArduinoSketch2\ArduinoCore\Debug\libArduinoCore.a(twi.o)
                0x0000236a                twi_stop
 .text.twi_releaseBus
                0x0000237e        0xc C:\Users\peter\Documents\Atmel Studio\7.0\ArduinoSketch2\ArduinoSketch2\ArduinoCore\Debug\libArduinoCore.a(twi.o)
                0x0000237e                twi_releaseBus
 .text.__vector_24
                0x0000238a      0x25a C:\Users\peter\Documents\Atmel Studio\7.0\ArduinoSketch2\ArduinoSketch2\ArduinoCore\Debug\libArduinoCore.a(twi.o)
                0x0000238a                __vector_24
 .text.avr-libc.fplib
                0x000025e4       0x7a c:/program files (x86)/atmel/studio/7.0/toolchain/avr8/avr8-gnu-toolchain/bin/../lib/gcc/avr/5.4.0/../../../../avr/lib/avr5\libm.a(floatsisf.o)
                0x000025e4                __floatunsisf
                0x000025e8                __floatsisf
 .text.avr-libc.fplib
                0x0000265e        0xc c:/program files (x86)/atmel/studio/7.0/toolchain/avr8/avr8-gnu-toolchain/bin/../lib/gcc/avr/5.4.0/../../../../avr/lib/avr5\libm.a(fp_inf.o)
                0x0000265e                __fp_inf
 .text.avr-libc.fplib
                0x0000266a        0x6 c:/program files (x86)/atmel/studio/7.0/toolchain/avr8/avr8-gnu-toolchain/bin/../lib/gcc/avr/5.4.0/../../../../avr/lib/avr5\libm.a(fp_nan.o)
                0x0000266a                __fp_nan
 .text.avr-libc.fplib
                0x00002670        0xe c:/program files (x86)/atmel/studio/7.0/toolchain/avr8/avr8-gnu-toolchain/bin/../lib/gcc/avr/5.4.0/../../../../avr/lib/avr5\libm.a(fp_pscA.o)
                0x00002670                __fp_pscA
 .text.avr-libc.fplib
                0x0000267e        0xe c:/program files (x86)/atmel/studio/7.0/toolchain/avr8/avr8-gnu-toolchain/bin/../lib/gcc/avr/5.4.0/../../../../avr/lib/avr5\libm.a(fp_pscB.o)
                0x0000267e                __fp_pscB
 .text.avr-libc.fplib
                0x0000268c       0x22 c:/program files (x86)/atmel/studio/7.0/toolchain/avr8/avr8-gnu-toolchain/bin/../lib/gcc/avr/5.4.0/../../../../avr/lib/avr5\libm.a(fp_round.o)
                0x0000268c                __fp_round
 .text.avr-libc.fplib
                0x000026ae       0x44 c:/program files (x86)/atmel/studio/7.0/toolchain/avr8/avr8-gnu-toolchain/bin/../lib/gcc/avr/5.4.0/../../../../avr/lib/avr5\libm.a(fp_split3.o)
                0x000026ae                __fp_split3
                0x000026be                __fp_splitA
 .text.avr-libc.fplib
                0x000026f2        0xe c:/program files (x86)/atmel/studio/7.0/toolchain/avr8/avr8-gnu-toolchain/bin/../lib/gcc/avr/5.4.0/../../../../avr/lib/avr5\libm.a(fp_zero.o)
                0x000026f2                __fp_zero
                0x000026f4                __fp_szero
 .text.avr-libc.fplib
                0x00002700        0x8 c:/program files (x86)/atmel/studio/7.0/toolchain/avr8/avr8-gnu-toolchain/bin/../lib/gcc/avr/5.4.0/../../../../avr/lib/avr5\libm.a(mulsf3.o)
                0x00002700                __mulsf3
 .text.avr-libc.fplib
                0x00002708       0xd2 c:/program files (x86)/atmel/studio/7.0/toolchain/avr8/avr8-gnu-toolchain/bin/../lib/gcc/avr/5.4.0/../../../../avr/lib/avr5\libm.a(mulsf3x.o)
                0x00002726                __mulsf3x
                0x0000272c                __mulsf3_pse
 .text.libgcc.div
                0x000027da       0x28 c:/program files (x86)/atmel/studio/7.0/toolchain/avr8/avr8-gnu-toolchain/bin/../lib/gcc/avr/5.4.0/avr5\libgcc.a(_divmodhi4.o)
                0x000027da                _div
                0x000027da                __divmodhi4
 .text.libgcc.div
                0x00002802       0x44 c:/program files (x86)/atmel/studio/7.0/toolchain/avr8/avr8-gnu-toolchain/bin/../lib/gcc/avr/5.4.0/avr5\libgcc.a(_udivmodsi4.o)
                0x00002802                __udivmodsi4
 .text.libgcc.mul
                0x00002846       0x16 c:/program files (x86)/atmel/studio/7.0/toolchain/avr8/avr8-gnu-toolchain/bin/../lib/gcc/avr/5.4.0/avr5\libgcc.a(_muluhisi3.o)
                0x00002846                __muluhisi3
 .text.libgcc.div
                0x0000285c       0x28 c:/program files (x86)/atmel/studio/7.0/toolchain/avr8/avr8-gnu-toolchain/bin/../lib/gcc/avr/5.4.0/avr5\libgcc.a(_udivmodhi4.o)
                0x0000285c                __udivmodhi4
 .text.libgcc   0x00002884        0xc c:/program files (x86)/atmel/studio/7.0/toolchain/avr8/avr8-gnu-toolchain/bin/../lib/gcc/avr/5.4.0/avr5\libgcc.a(_tablejump2.o)
                0x00002884                __tablejump2__
 .text.libgcc.mul
                0x00002890       0x1e c:/program files (x86)/atmel/studio/7.0/toolchain/avr8/avr8-gnu-toolchain/bin/../lib/gcc/avr/5.4.0/avr5\libgcc.a(_umulhisi3.o)
                0x00002890                __umulhisi3
 .text.avr-libc
                0x000028ae      0x1ea c:/program files (x86)/atmel/studio/7.0/toolchain/avr8/avr8-gnu-toolchain/bin/../lib/gcc/avr/5.4.0/../../../../avr/lib/avr5\libc.a(strtoul.o)
                0x000028ae                strtoul
 .text.avr-libc
                0x00002a98       0x12 c:/program files (x86)/atmel/studio/7.0/toolchain/avr8/avr8-gnu-toolchain/bin/../lib/gcc/avr/5.4.0/../../../../avr/lib/avr5\libc.a(isspace.o)
                0x00002a98                isspace
 .text.avr-libc
                0x00002aaa        0xa c:/program files (x86)/atmel/studio/7.0/toolchain/avr8/avr8-gnu-toolchain/bin/../lib/gcc/avr/5.4.0/../../../../avr/lib/avr5\libc.a(strtok.o)
                0x00002aaa                strtok
 .text.avr-libc
                0x00002ab4       0x1a c:/program files (x86)/atmel/studio/7.0/toolchain/avr8/avr8-gnu-toolchain/bin/../lib/gcc/avr/5.4.0/../../../../avr/lib/avr5\libc.a(memcmp.o)
                0x00002ab4                memcmp
 .text.avr-libc
                0x00002ace       0x16 c:/program files (x86)/atmel/studio/7.0/toolchain/avr8/avr8-gnu-toolchain/bin/../lib/gcc/avr/5.4.0/../../../../avr/lib/avr5\libc.a(strcat.o)
                0x00002ace                strcat
 .text.avr-libc
                0x00002ae4       0x20 c:/program files (x86)/atmel/studio/7.0/toolchain/avr8/avr8-gnu-toolchain/bin/../lib/gcc/avr/5.4.0/../../../../avr/lib/avr5\libc.a(strncat.o)
                0x00002ae4                strncat
 .text.avr-libc
                0x00002b04       0x4e c:/program files (x86)/atmel/studio/7.0/toolchain/avr8/avr8-gnu-toolchain/bin/../lib/gcc/avr/5.4.0/../../../../avr/lib/avr5\libc.a(strtok_r.o)
                0x00002b04                strtok_r
 .text.avr-libc
                0x00002b52        0x6 c:/program files (x86)/atmel/studio/7.0/toolchain/avr8/avr8-gnu-toolchain/bin/../lib/gcc/avr/5.4.0/../../../../avr/lib/avr5\libc.a(cty_isfalse.o)
                0x00002b52                __ctype_isfalse
                0x00002b56                __ctype_istrue
 .text.libgcc.mul
                0x00002b58       0x20 c:/program files (x86)/atmel/studio/7.0/toolchain/avr8/avr8-gnu-toolchain/bin/../lib/gcc/avr/5.4.0/avr5\libgcc.a(_mulsi3.o)
                0x00002b58                __mulsi3
 .text.libgcc.prologue
                0x00002b78       0x38 c:/program files (x86)/atmel/studio/7.0/toolchain/avr8/avr8-gnu-toolchain/bin/../lib/gcc/avr/5.4.0/avr5\libgcc.a(_prologue.o)
                0x00002b78                __prologue_saves__
 .text.libgcc.prologue
                0x00002bb0       0x36 c:/program files (x86)/atmel/studio/7.0/toolchain/avr8/avr8-gnu-toolchain/bin/../lib/gcc/avr/5.4.0/avr5\libgcc.a(_epilogue.o)
                0x00002bb0                __epilogue_restores__
                0x00002be6                . = ALIGN (0x2)
 *(.fini9)
 .fini9         0x00002be6        0x0 c:/program files (x86)/atmel/studio/7.0/toolchain/avr8/avr8-gnu-toolchain/bin/../lib/gcc/avr/5.4.0/avr5\libgcc.a(_exit.o)
                0x00002be6                _exit
                0x00002be6                exit
 *(.fini9)
 *(.fini8)
 *(.fini8)
 *(.fini7)
 *(.fini7)
 *(.fini6)
 *(.fini6)
 *(.fini5)
 *(.fini5)
 *(.fini4)
 *(.fini4)
 *(.fini3)
 *(.fini3)
 *(.fini2)
 *(.fini2)
 *(.fini1)
 *(.fini1)
 *(.fini0)
 .fini0         0x00002be6        0x4 c:/program files (x86)/atmel/studio/7.0/toolchain/avr8/avr8-gnu-toolchain/bin/../lib/gcc/avr/5.4.0/avr5\libgcc.a(_exit.o)
 *(.fini0)
                0x00002bea                _etext = .

.data           0x00800100      0x1bc load address 0x00002bea
                0x00800100                PROVIDE (__data_start, .)
 *(.data)
 *(.data*)
 .data.tempSensor
                0x00800100       0x38 Sketch.o
                0x00800100                tempSensor
 *(.gnu.linkonce.d*)
 *(.rodata)
 *(.rodata*)
 .rodata.CSWTCH.70
                0x00800138        0x6 C:\Users\peter\Documents\Atmel Studio\7.0\ArduinoSketch2\ArduinoSketch2\ArduinoCore\Debug\libArduinoCore.a(DallasTemperature.o)
 .rodata.str1.1
                0x0080013e      0x159 C:\Users\peter\Documents\Atmel Studio\7.0\ArduinoSketch2\ArduinoSketch2\ArduinoCore\Debug\libArduinoCore.a(arduinoSigfox.o)
                                0x16c (size before relaxing)
 .rodata._ZTV14HardwareSerial
                0x00800297       0x12 C:\Users\peter\Documents\Atmel Studio\7.0\ArduinoSketch2\ArduinoSketch2\ArduinoCore\Debug\libArduinoCore.a(HardwareSerial.o)
                0x00800297                _ZTV14HardwareSerial
 .rodata._ZTV7TwoWire
                0x008002a9       0x12 C:\Users\peter\Documents\Atmel Studio\7.0\ArduinoSketch2\ArduinoSketch2\ArduinoCore\Debug\libArduinoCore.a(Wire.o)
                0x008002a9                _ZTV7TwoWire
 *(.gnu.linkonce.r*)
                0x008002bc                . = ALIGN (0x2)
 *fill*         0x008002bb        0x1 
                0x008002bc                _edata = .
                0x008002bc                PROVIDE (__data_end, .)

.bss            0x008002bc      0x30b
                0x008002bc                PROVIDE (__bss_start, .)
 *(.bss)
 .bss           0x008002bc        0x2 c:/program files (x86)/atmel/studio/7.0/toolchain/avr8/avr8-gnu-toolchain/bin/../lib/gcc/avr/5.4.0/../../../../avr/lib/avr5\libc.a(strtok.o)
 *(.bss*)
 .bss.i         0x008002be        0x2 Sketch.o
                0x008002be                i
 .bss.size      0x008002c0        0x1 Sketch.o
                0x008002c0                size
 .bss.data      0x008002c1        0xc Sketch.o
                0x008002c1                data
 .bss.temp_union
                0x008002cd        0x4 Sketch.o
 .bss.socket    0x008002d1        0x1 Sketch.o
                0x008002d1                socket
 .bss.tempC     0x008002d2        0x4 Sketch.o
                0x008002d2                tempC
 .bss.sensors   0x008002d6       0x14 Sketch.o
                0x008002d6                sensors
 .bss.oneWire   0x008002ea        0xe Sketch.o
                0x008002ea                oneWire
 .bss.timer0_fract
                0x008002f8        0x1 C:\Users\peter\Documents\Atmel Studio\7.0\ArduinoSketch2\ArduinoSketch2\ArduinoCore\Debug\libArduinoCore.a(wiring.o)
 .bss.timer0_millis
                0x008002f9        0x4 C:\Users\peter\Documents\Atmel Studio\7.0\ArduinoSketch2\ArduinoSketch2\ArduinoCore\Debug\libArduinoCore.a(wiring.o)
                0x008002f9                timer0_millis
 .bss.timer0_overflow_count
                0x008002fd        0x4 C:\Users\peter\Documents\Atmel Studio\7.0\ArduinoSketch2\ArduinoSketch2\ArduinoCore\Debug\libArduinoCore.a(wiring.o)
                0x008002fd                timer0_overflow_count
 .bss.Sigfox    0x00800301      0x163 C:\Users\peter\Documents\Atmel Studio\7.0\ArduinoSketch2\ArduinoSketch2\ArduinoCore\Debug\libArduinoCore.a(arduinoSigfox.o)
                0x00800301                Sigfox
 .bss.LowPower  0x00800464        0x1 C:\Users\peter\Documents\Atmel Studio\7.0\ArduinoSketch2\ArduinoSketch2\ArduinoCore\Debug\libArduinoCore.a(LowPower.o)
                0x00800464                LowPower
 .bss.Utils     0x00800465        0x2 C:\Users\peter\Documents\Atmel Studio\7.0\ArduinoSketch2\ArduinoSketch2\ArduinoCore\Debug\libArduinoCore.a(arduinoUtils.o)
                0x00800465                Utils
 .bss.Serial    0x00800467       0x9d C:\Users\peter\Documents\Atmel Studio\7.0\ArduinoSketch2\ArduinoSketch2\ArduinoCore\Debug\libArduinoCore.a(HardwareSerial0.o)
                0x00800467                Serial
 .bss.mp        0x00800504        0x1 C:\Users\peter\Documents\Atmel Studio\7.0\ArduinoSketch2\ArduinoSketch2\ArduinoCore\Debug\libArduinoCore.a(arduinoMultiprotocol.o)
                0x00800504                mp
 .bss.Wire      0x00800505        0xc C:\Users\peter\Documents\Atmel Studio\7.0\ArduinoSketch2\ArduinoSketch2\ArduinoCore\Debug\libArduinoCore.a(Wire.o)
                0x00800505                Wire
 .bss._ZN7TwoWire12transmittingE
                0x00800511        0x1 C:\Users\peter\Documents\Atmel Studio\7.0\ArduinoSketch2\ArduinoSketch2\ArduinoCore\Debug\libArduinoCore.a(Wire.o)
                0x00800511                _ZN7TwoWire12transmittingE
 .bss._ZN7TwoWire14txBufferLengthE
                0x00800512        0x1 C:\Users\peter\Documents\Atmel Studio\7.0\ArduinoSketch2\ArduinoSketch2\ArduinoCore\Debug\libArduinoCore.a(Wire.o)
                0x00800512                _ZN7TwoWire14txBufferLengthE
 .bss._ZN7TwoWire13txBufferIndexE
                0x00800513        0x1 C:\Users\peter\Documents\Atmel Studio\7.0\ArduinoSketch2\ArduinoSketch2\ArduinoCore\Debug\libArduinoCore.a(Wire.o)
                0x00800513                _ZN7TwoWire13txBufferIndexE
 .bss._ZN7TwoWire8txBufferE
                0x00800514       0x20 C:\Users\peter\Documents\Atmel Studio\7.0\ArduinoSketch2\ArduinoSketch2\ArduinoCore\Debug\libArduinoCore.a(Wire.o)
                0x00800514                _ZN7TwoWire8txBufferE
 .bss._ZN7TwoWire9txAddressE
                0x00800534        0x1 C:\Users\peter\Documents\Atmel Studio\7.0\ArduinoSketch2\ArduinoSketch2\ArduinoCore\Debug\libArduinoCore.a(Wire.o)
                0x00800534                _ZN7TwoWire9txAddressE
 .bss._ZN7TwoWire14rxBufferLengthE
                0x00800535        0x1 C:\Users\peter\Documents\Atmel Studio\7.0\ArduinoSketch2\ArduinoSketch2\ArduinoCore\Debug\libArduinoCore.a(Wire.o)
                0x00800535                _ZN7TwoWire14rxBufferLengthE
 .bss._ZN7TwoWire13rxBufferIndexE
                0x00800536        0x1 C:\Users\peter\Documents\Atmel Studio\7.0\ArduinoSketch2\ArduinoSketch2\ArduinoCore\Debug\libArduinoCore.a(Wire.o)
                0x00800536                _ZN7TwoWire13rxBufferIndexE
 .bss._ZN7TwoWire8rxBufferE
                0x00800537       0x20 C:\Users\peter\Documents\Atmel Studio\7.0\ArduinoSketch2\ArduinoSketch2\ArduinoCore\Debug\libArduinoCore.a(Wire.o)
                0x00800537                _ZN7TwoWire8rxBufferE
 .bss.twi_error
                0x00800557        0x1 C:\Users\peter\Documents\Atmel Studio\7.0\ArduinoSketch2\ArduinoSketch2\ArduinoCore\Debug\libArduinoCore.a(twi.o)
 .bss.twi_rxBufferIndex
                0x00800558        0x1 C:\Users\peter\Documents\Atmel Studio\7.0\ArduinoSketch2\ArduinoSketch2\ArduinoCore\Debug\libArduinoCore.a(twi.o)
 .bss.twi_rxBuffer
                0x00800559       0x20 C:\Users\peter\Documents\Atmel Studio\7.0\ArduinoSketch2\ArduinoSketch2\ArduinoCore\Debug\libArduinoCore.a(twi.o)
 .bss.twi_txBufferLength
                0x00800579        0x1 C:\Users\peter\Documents\Atmel Studio\7.0\ArduinoSketch2\ArduinoSketch2\ArduinoCore\Debug\libArduinoCore.a(twi.o)
 .bss.twi_txBufferIndex
                0x0080057a        0x1 C:\Users\peter\Documents\Atmel Studio\7.0\ArduinoSketch2\ArduinoSketch2\ArduinoCore\Debug\libArduinoCore.a(twi.o)
 .bss.twi_txBuffer
                0x0080057b       0x20 C:\Users\peter\Documents\Atmel Studio\7.0\ArduinoSketch2\ArduinoSketch2\ArduinoCore\Debug\libArduinoCore.a(twi.o)
 .bss.twi_masterBufferLength
                0x0080059b        0x1 C:\Users\peter\Documents\Atmel Studio\7.0\ArduinoSketch2\ArduinoSketch2\ArduinoCore\Debug\libArduinoCore.a(twi.o)
 .bss.twi_masterBufferIndex
                0x0080059c        0x1 C:\Users\peter\Documents\Atmel Studio\7.0\ArduinoSketch2\ArduinoSketch2\ArduinoCore\Debug\libArduinoCore.a(twi.o)
 .bss.twi_masterBuffer
                0x0080059d       0x20 C:\Users\peter\Documents\Atmel Studio\7.0\ArduinoSketch2\ArduinoSketch2\ArduinoCore\Debug\libArduinoCore.a(twi.o)
 .bss.twi_onSlaveReceive
                0x008005bd        0x2 C:\Users\peter\Documents\Atmel Studio\7.0\ArduinoSketch2\ArduinoSketch2\ArduinoCore\Debug\libArduinoCore.a(twi.o)
 .bss.twi_onSlaveTransmit
                0x008005bf        0x2 C:\Users\peter\Documents\Atmel Studio\7.0\ArduinoSketch2\ArduinoSketch2\ArduinoCore\Debug\libArduinoCore.a(twi.o)
 .bss.twi_inRepStart
                0x008005c1        0x1 C:\Users\peter\Documents\Atmel Studio\7.0\ArduinoSketch2\ArduinoSketch2\ArduinoCore\Debug\libArduinoCore.a(twi.o)
 .bss.twi_sendStop
                0x008005c2        0x1 C:\Users\peter\Documents\Atmel Studio\7.0\ArduinoSketch2\ArduinoSketch2\ArduinoCore\Debug\libArduinoCore.a(twi.o)
 .bss.twi_slarw
                0x008005c3        0x1 C:\Users\peter\Documents\Atmel Studio\7.0\ArduinoSketch2\ArduinoSketch2\ArduinoCore\Debug\libArduinoCore.a(twi.o)
 .bss.twi_state
                0x008005c4        0x1 C:\Users\peter\Documents\Atmel Studio\7.0\ArduinoSketch2\ArduinoSketch2\ArduinoCore\Debug\libArduinoCore.a(twi.o)
 *(COMMON)
 COMMON         0x008005c5        0x2 c:/program files (x86)/atmel/studio/7.0/toolchain/avr8/avr8-gnu-toolchain/bin/../lib/gcc/avr/5.4.0/../../../../avr/lib/avr5\libc.a(errno.o)
                0x008005c5                errno
                0x008005c7                PROVIDE (__bss_end, .)
                0x00002bea                __data_load_start = LOADADDR (.data)
                0x00002da6                __data_load_end = (__data_load_start + SIZEOF (.data))

.noinit         0x008005c7        0x0
                [!provide]                PROVIDE (__noinit_start, .)
 *(.noinit*)
                [!provide]                PROVIDE (__noinit_end, .)
                0x008005c7                _end = .
                [!provide]                PROVIDE (__heap_start, .)

.eeprom         0x00810000        0x0
 *(.eeprom*)
                0x00810000                __eeprom_end = .

.fuse
 *(.fuse)
 *(.lfuse)
 *(.hfuse)
 *(.efuse)

.lock
 *(.lock*)

.signature
 *(.signature*)

.user_signatures
 *(.user_signatures*)

.stab
 *(.stab)

.stabstr
 *(.stabstr)

.stab.excl
 *(.stab.excl)

.stab.exclstr
 *(.stab.exclstr)

.stab.index
 *(.stab.index)

.stab.indexstr
 *(.stab.indexstr)

.comment        0x00000000       0x5c
 *(.comment)
 .comment       0x00000000       0x30 Sketch.o
                                 0x31 (size before relaxing)
 .comment       0x00000030       0x31 C:\Users\peter\Documents\Atmel Studio\7.0\ArduinoSketch2\ArduinoSketch2\ArduinoCore\Debug\libArduinoCore.a(main.o)
 .comment       0x00000030       0x31 C:\Users\peter\Documents\Atmel Studio\7.0\ArduinoSketch2\ArduinoSketch2\ArduinoCore\Debug\libArduinoCore.a(wiring.o)
 .comment       0x00000030       0x31 C:\Users\peter\Documents\Atmel Studio\7.0\ArduinoSketch2\ArduinoSketch2\ArduinoCore\Debug\libArduinoCore.a(wiring_analog.o)
 .comment       0x00000030       0x31 C:\Users\peter\Documents\Atmel Studio\7.0\ArduinoSketch2\ArduinoSketch2\ArduinoCore\Debug\libArduinoCore.a(wiring_digital.o)
 .comment       0x00000030       0x31 C:\Users\peter\Documents\Atmel Studio\7.0\ArduinoSketch2\ArduinoSketch2\ArduinoCore\Debug\libArduinoCore.a(DallasTemperature.o)
 .comment       0x00000030       0x31 C:\Users\peter\Documents\Atmel Studio\7.0\ArduinoSketch2\ArduinoSketch2\ArduinoCore\Debug\libArduinoCore.a(arduinoSigfox.o)
 .comment       0x00000030       0x31 C:\Users\peter\Documents\Atmel Studio\7.0\ArduinoSketch2\ArduinoSketch2\ArduinoCore\Debug\libArduinoCore.a(LowPower.o)
 .comment       0x00000030       0x31 C:\Users\peter\Documents\Atmel Studio\7.0\ArduinoSketch2\ArduinoSketch2\ArduinoCore\Debug\libArduinoCore.a(OneWire.o)
 .comment       0x00000030       0x31 C:\Users\peter\Documents\Atmel Studio\7.0\ArduinoSketch2\ArduinoSketch2\ArduinoCore\Debug\libArduinoCore.a(hooks.o)
 .comment       0x00000030       0x31 C:\Users\peter\Documents\Atmel Studio\7.0\ArduinoSketch2\ArduinoSketch2\ArduinoCore\Debug\libArduinoCore.a(arduinoUART.o)
 .comment       0x00000030       0x31 C:\Users\peter\Documents\Atmel Studio\7.0\ArduinoSketch2\ArduinoSketch2\ArduinoCore\Debug\libArduinoCore.a(arduinoUtils.o)
 .comment       0x00000030       0x31 C:\Users\peter\Documents\Atmel Studio\7.0\ArduinoSketch2\ArduinoSketch2\ArduinoCore\Debug\libArduinoCore.a(HardwareSerial.o)
 .comment       0x00000030       0x31 C:\Users\peter\Documents\Atmel Studio\7.0\ArduinoSketch2\ArduinoSketch2\ArduinoCore\Debug\libArduinoCore.a(HardwareSerial0.o)
 .comment       0x00000030       0x31 C:\Users\peter\Documents\Atmel Studio\7.0\ArduinoSketch2\ArduinoSketch2\ArduinoCore\Debug\libArduinoCore.a(Print.o)
 .comment       0x00000030       0x31 C:\Users\peter\Documents\Atmel Studio\7.0\ArduinoSketch2\ArduinoSketch2\ArduinoCore\Debug\libArduinoCore.a(arduinoMultiprotocol.o)
 .comment       0x00000030       0x31 C:\Users\peter\Documents\Atmel Studio\7.0\ArduinoSketch2\ArduinoSketch2\ArduinoCore\Debug\libArduinoCore.a(Wire.o)
 .comment       0x00000030       0x31 C:\Users\peter\Documents\Atmel Studio\7.0\ArduinoSketch2\ArduinoSketch2\ArduinoCore\Debug\libArduinoCore.a(twi.o)
 .comment       0x00000030       0x31 c:/program files (x86)/atmel/studio/7.0/toolchain/avr8/avr8-gnu-toolchain/bin/../lib/gcc/avr/5.4.0/../../../../avr/lib/avr5\libc.a(strtoul.o)
 .comment       0x00000030       0x31 c:/program files (x86)/atmel/studio/7.0/toolchain/avr8/avr8-gnu-toolchain/bin/../lib/gcc/avr/5.4.0/../../../../avr/lib/avr5\libc.a(strtok.o)
 .comment       0x00000030       0x2c c:/program files (x86)/atmel/studio/7.0/toolchain/avr8/avr8-gnu-toolchain/bin/../lib/gcc/avr/5.4.0/../../../../avr/lib/avr5\libc.a(errno.o)
                                 0x2d (size before relaxing)

.note.gnu.avr.deviceinfo
                0x00000000       0x40
 .note.gnu.avr.deviceinfo
                0x00000000       0x40 C:/Program Files (x86)/Atmel/Studio/7.0/Packs/atmel/ATmega_DFP/1.2.150/gcc/dev/atmega328p/avr5/crtatmega328p.o

.note.gnu.build-id
 *(.note.gnu.build-id)

.debug
 *(.debug)

.line
 *(.line)

.debug_srcinfo
 *(.debug_srcinfo)

.debug_sfnames
 *(.debug_sfnames)

.debug_aranges  0x00000000      0xb20
 *(.debug_aranges)
 .debug_aranges
                0x00000000       0x30 Sketch.o
 .debug_aranges
                0x00000030       0x30 C:\Users\peter\Documents\Atmel Studio\7.0\ArduinoSketch2\ArduinoSketch2\ArduinoCore\Debug\libArduinoCore.a(main.o)
 .debug_aranges
                0x00000060       0x48 C:\Users\peter\Documents\Atmel Studio\7.0\ArduinoSketch2\ArduinoSketch2\ArduinoCore\Debug\libArduinoCore.a(wiring.o)
 .debug_aranges
                0x000000a8       0x30 C:\Users\peter\Documents\Atmel Studio\7.0\ArduinoSketch2\ArduinoSketch2\ArduinoCore\Debug\libArduinoCore.a(wiring_analog.o)
 .debug_aranges
                0x000000d8       0x38 C:\Users\peter\Documents\Atmel Studio\7.0\ArduinoSketch2\ArduinoSketch2\ArduinoCore\Debug\libArduinoCore.a(wiring_digital.o)
 .debug_aranges
                0x00000110      0x1c8 C:\Users\peter\Documents\Atmel Studio\7.0\ArduinoSketch2\ArduinoSketch2\ArduinoCore\Debug\libArduinoCore.a(DallasTemperature.o)
 .debug_aranges
                0x000002d8      0x188 C:\Users\peter\Documents\Atmel Studio\7.0\ArduinoSketch2\ArduinoSketch2\ArduinoCore\Debug\libArduinoCore.a(arduinoSigfox.o)
 .debug_aranges
                0x00000460       0x50 C:\Users\peter\Documents\Atmel Studio\7.0\ArduinoSketch2\ArduinoSketch2\ArduinoCore\Debug\libArduinoCore.a(LowPower.o)
 .debug_aranges
                0x000004b0       0xa0 C:\Users\peter\Documents\Atmel Studio\7.0\ArduinoSketch2\ArduinoSketch2\ArduinoCore\Debug\libArduinoCore.a(OneWire.o)
 .debug_aranges
                0x00000550       0x20 C:\Users\peter\Documents\Atmel Studio\7.0\ArduinoSketch2\ArduinoSketch2\ArduinoCore\Debug\libArduinoCore.a(hooks.o)
 .debug_aranges
                0x00000570      0x188 C:\Users\peter\Documents\Atmel Studio\7.0\ArduinoSketch2\ArduinoSketch2\ArduinoCore\Debug\libArduinoCore.a(arduinoUART.o)
 .debug_aranges
                0x000006f8       0x98 C:\Users\peter\Documents\Atmel Studio\7.0\ArduinoSketch2\ArduinoSketch2\ArduinoCore\Debug\libArduinoCore.a(arduinoUtils.o)
 .debug_aranges
                0x00000790       0x68 C:\Users\peter\Documents\Atmel Studio\7.0\ArduinoSketch2\ArduinoSketch2\ArduinoCore\Debug\libArduinoCore.a(HardwareSerial.o)
 .debug_aranges
                0x000007f8       0x48 C:\Users\peter\Documents\Atmel Studio\7.0\ArduinoSketch2\ArduinoSketch2\ArduinoCore\Debug\libArduinoCore.a(HardwareSerial0.o)
 .debug_aranges
                0x00000840      0x100 C:\Users\peter\Documents\Atmel Studio\7.0\ArduinoSketch2\ArduinoSketch2\ArduinoCore\Debug\libArduinoCore.a(Print.o)
 .debug_aranges
                0x00000940       0x68 C:\Users\peter\Documents\Atmel Studio\7.0\ArduinoSketch2\ArduinoSketch2\ArduinoCore\Debug\libArduinoCore.a(arduinoMultiprotocol.o)
 .debug_aranges
                0x000009a8       0xf8 C:\Users\peter\Documents\Atmel Studio\7.0\ArduinoSketch2\ArduinoSketch2\ArduinoCore\Debug\libArduinoCore.a(Wire.o)
 .debug_aranges
                0x00000aa0       0x80 C:\Users\peter\Documents\Atmel Studio\7.0\ArduinoSketch2\ArduinoSketch2\ArduinoCore\Debug\libArduinoCore.a(twi.o)

.debug_pubnames
 *(.debug_pubnames)

.debug_info     0x00000000    0x17e10
 *(.debug_info .gnu.linkonce.wi.*)
 .debug_info    0x00000000      0x5f4 C:/Program Files (x86)/Atmel/Studio/7.0/Packs/atmel/ATmega_DFP/1.2.150/gcc/dev/atmega328p/avr5/crtatmega328p.o
 .debug_info    0x000005f4     0x21ac Sketch.o
 .debug_info    0x000027a0      0x237 C:\Users\peter\Documents\Atmel Studio\7.0\ArduinoSketch2\ArduinoSketch2\ArduinoCore\Debug\libArduinoCore.a(main.o)
 .debug_info    0x000029d7      0x2cb C:\Users\peter\Documents\Atmel Studio\7.0\ArduinoSketch2\ArduinoSketch2\ArduinoCore\Debug\libArduinoCore.a(wiring.o)
 .debug_info    0x00002ca2      0x26d C:\Users\peter\Documents\Atmel Studio\7.0\ArduinoSketch2\ArduinoSketch2\ArduinoCore\Debug\libArduinoCore.a(wiring_analog.o)
 .debug_info    0x00002f0f      0x5fe C:\Users\peter\Documents\Atmel Studio\7.0\ArduinoSketch2\ArduinoSketch2\ArduinoCore\Debug\libArduinoCore.a(wiring_digital.o)
 .debug_info    0x0000350d     0x29d2 C:\Users\peter\Documents\Atmel Studio\7.0\ArduinoSketch2\ArduinoSketch2\ArduinoCore\Debug\libArduinoCore.a(DallasTemperature.o)
 .debug_info    0x00005edf     0x3a80 C:\Users\peter\Documents\Atmel Studio\7.0\ArduinoSketch2\ArduinoSketch2\ArduinoCore\Debug\libArduinoCore.a(arduinoSigfox.o)
 .debug_info    0x0000995f      0x81f C:\Users\peter\Documents\Atmel Studio\7.0\ArduinoSketch2\ArduinoSketch2\ArduinoCore\Debug\libArduinoCore.a(LowPower.o)
 .debug_info    0x0000a17e      0xefa C:\Users\peter\Documents\Atmel Studio\7.0\ArduinoSketch2\ArduinoSketch2\ArduinoCore\Debug\libArduinoCore.a(OneWire.o)
 .debug_info    0x0000b078       0x3e C:\Users\peter\Documents\Atmel Studio\7.0\ArduinoSketch2\ArduinoSketch2\ArduinoCore\Debug\libArduinoCore.a(hooks.o)
 .debug_info    0x0000b0b6     0x26d6 C:\Users\peter\Documents\Atmel Studio\7.0\ArduinoSketch2\ArduinoSketch2\ArduinoCore\Debug\libArduinoCore.a(arduinoUART.o)
 .debug_info    0x0000d78c      0xd53 C:\Users\peter\Documents\Atmel Studio\7.0\ArduinoSketch2\ArduinoSketch2\ArduinoCore\Debug\libArduinoCore.a(arduinoUtils.o)
 .debug_info    0x0000e4df     0x1e89 C:\Users\peter\Documents\Atmel Studio\7.0\ArduinoSketch2\ArduinoSketch2\ArduinoCore\Debug\libArduinoCore.a(HardwareSerial.o)
 .debug_info    0x00010368     0x1b16 C:\Users\peter\Documents\Atmel Studio\7.0\ArduinoSketch2\ArduinoSketch2\ArduinoCore\Debug\libArduinoCore.a(HardwareSerial0.o)
 .debug_info    0x00011e7e     0x28ff C:\Users\peter\Documents\Atmel Studio\7.0\ArduinoSketch2\ArduinoSketch2\ArduinoCore\Debug\libArduinoCore.a(Print.o)
 .debug_info    0x0001477d      0x8db C:\Users\peter\Documents\Atmel Studio\7.0\ArduinoSketch2\ArduinoSketch2\ArduinoCore\Debug\libArduinoCore.a(arduinoMultiprotocol.o)
 .debug_info    0x00015058     0x27b4 C:\Users\peter\Documents\Atmel Studio\7.0\ArduinoSketch2\ArduinoSketch2\ArduinoCore\Debug\libArduinoCore.a(Wire.o)
 .debug_info    0x0001780c      0x604 C:\Users\peter\Documents\Atmel Studio\7.0\ArduinoSketch2\ArduinoSketch2\ArduinoCore\Debug\libArduinoCore.a(twi.o)

.debug_abbrev   0x00000000     0x3b35
 *(.debug_abbrev)
 .debug_abbrev  0x00000000      0x5a2 C:/Program Files (x86)/Atmel/Studio/7.0/Packs/atmel/ATmega_DFP/1.2.150/gcc/dev/atmega328p/avr5/crtatmega328p.o
 .debug_abbrev  0x000005a2      0x3ae Sketch.o
 .debug_abbrev  0x00000950      0x12d C:\Users\peter\Documents\Atmel Studio\7.0\ArduinoSketch2\ArduinoSketch2\ArduinoCore\Debug\libArduinoCore.a(main.o)
 .debug_abbrev  0x00000a7d      0x146 C:\Users\peter\Documents\Atmel Studio\7.0\ArduinoSketch2\ArduinoSketch2\ArduinoCore\Debug\libArduinoCore.a(wiring.o)
 .debug_abbrev  0x00000bc3      0x16b C:\Users\peter\Documents\Atmel Studio\7.0\ArduinoSketch2\ArduinoSketch2\ArduinoCore\Debug\libArduinoCore.a(wiring_analog.o)
 .debug_abbrev  0x00000d2e      0x15b C:\Users\peter\Documents\Atmel Studio\7.0\ArduinoSketch2\ArduinoSketch2\ArduinoCore\Debug\libArduinoCore.a(wiring_digital.o)
 .debug_abbrev  0x00000e89      0x474 C:\Users\peter\Documents\Atmel Studio\7.0\ArduinoSketch2\ArduinoSketch2\ArduinoCore\Debug\libArduinoCore.a(DallasTemperature.o)
 .debug_abbrev  0x000012fd      0x501 C:\Users\peter\Documents\Atmel Studio\7.0\ArduinoSketch2\ArduinoSketch2\ArduinoCore\Debug\libArduinoCore.a(arduinoSigfox.o)
 .debug_abbrev  0x000017fe      0x24c C:\Users\peter\Documents\Atmel Studio\7.0\ArduinoSketch2\ArduinoSketch2\ArduinoCore\Debug\libArduinoCore.a(LowPower.o)
 .debug_abbrev  0x00001a4a      0x359 C:\Users\peter\Documents\Atmel Studio\7.0\ArduinoSketch2\ArduinoSketch2\ArduinoCore\Debug\libArduinoCore.a(OneWire.o)
 .debug_abbrev  0x00001da3       0x2a C:\Users\peter\Documents\Atmel Studio\7.0\ArduinoSketch2\ArduinoSketch2\ArduinoCore\Debug\libArduinoCore.a(hooks.o)
 .debug_abbrev  0x00001dcd      0x43a C:\Users\peter\Documents\Atmel Studio\7.0\ArduinoSketch2\ArduinoSketch2\ArduinoCore\Debug\libArduinoCore.a(arduinoUART.o)
 .debug_abbrev  0x00002207      0x28f C:\Users\peter\Documents\Atmel Studio\7.0\ArduinoSketch2\ArduinoSketch2\ArduinoCore\Debug\libArduinoCore.a(arduinoUtils.o)
 .debug_abbrev  0x00002496      0x432 C:\Users\peter\Documents\Atmel Studio\7.0\ArduinoSketch2\ArduinoSketch2\ArduinoCore\Debug\libArduinoCore.a(HardwareSerial.o)
 .debug_abbrev  0x000028c8      0x3ce C:\Users\peter\Documents\Atmel Studio\7.0\ArduinoSketch2\ArduinoSketch2\ArduinoCore\Debug\libArduinoCore.a(HardwareSerial0.o)
 .debug_abbrev  0x00002c96      0x47a C:\Users\peter\Documents\Atmel Studio\7.0\ArduinoSketch2\ArduinoSketch2\ArduinoCore\Debug\libArduinoCore.a(Print.o)
 .debug_abbrev  0x00003110      0x244 C:\Users\peter\Documents\Atmel Studio\7.0\ArduinoSketch2\ArduinoSketch2\ArduinoCore\Debug\libArduinoCore.a(arduinoMultiprotocol.o)
 .debug_abbrev  0x00003354      0x581 C:\Users\peter\Documents\Atmel Studio\7.0\ArduinoSketch2\ArduinoSketch2\ArduinoCore\Debug\libArduinoCore.a(Wire.o)
 .debug_abbrev  0x000038d5      0x260 C:\Users\peter\Documents\Atmel Studio\7.0\ArduinoSketch2\ArduinoSketch2\ArduinoCore\Debug\libArduinoCore.a(twi.o)

.debug_line     0x00000000     0x60f3
 *(.debug_line .debug_line.* .debug_line_end)
 .debug_line    0x00000000      0x133 C:/Program Files (x86)/Atmel/Studio/7.0/Packs/atmel/ATmega_DFP/1.2.150/gcc/dev/atmega328p/avr5/crtatmega328p.o
 .debug_line    0x00000133      0x3b3 Sketch.o
 .debug_line    0x000004e6      0x165 C:\Users\peter\Documents\Atmel Studio\7.0\ArduinoSketch2\ArduinoSketch2\ArduinoCore\Debug\libArduinoCore.a(main.o)
 .debug_line    0x0000064b      0x299 C:\Users\peter\Documents\Atmel Studio\7.0\ArduinoSketch2\ArduinoSketch2\ArduinoCore\Debug\libArduinoCore.a(wiring.o)
 .debug_line    0x000008e4      0x20f C:\Users\peter\Documents\Atmel Studio\7.0\ArduinoSketch2\ArduinoSketch2\ArduinoCore\Debug\libArduinoCore.a(wiring_analog.o)
 .debug_line    0x00000af3      0x252 C:\Users\peter\Documents\Atmel Studio\7.0\ArduinoSketch2\ArduinoSketch2\ArduinoCore\Debug\libArduinoCore.a(wiring_digital.o)
 .debug_line    0x00000d45      0xcad C:\Users\peter\Documents\Atmel Studio\7.0\ArduinoSketch2\ArduinoSketch2\ArduinoCore\Debug\libArduinoCore.a(DallasTemperature.o)
 .debug_line    0x000019f2      0xed7 C:\Users\peter\Documents\Atmel Studio\7.0\ArduinoSketch2\ArduinoSketch2\ArduinoCore\Debug\libArduinoCore.a(arduinoSigfox.o)
 .debug_line    0x000028c9      0x60c C:\Users\peter\Documents\Atmel Studio\7.0\ArduinoSketch2\ArduinoSketch2\ArduinoCore\Debug\libArduinoCore.a(LowPower.o)
 .debug_line    0x00002ed5      0x6db C:\Users\peter\Documents\Atmel Studio\7.0\ArduinoSketch2\ArduinoSketch2\ArduinoCore\Debug\libArduinoCore.a(OneWire.o)
 .debug_line    0x000035b0       0x41 C:\Users\peter\Documents\Atmel Studio\7.0\ArduinoSketch2\ArduinoSketch2\ArduinoCore\Debug\libArduinoCore.a(hooks.o)
 .debug_line    0x000035f1      0xaca C:\Users\peter\Documents\Atmel Studio\7.0\ArduinoSketch2\ArduinoSketch2\ArduinoCore\Debug\libArduinoCore.a(arduinoUART.o)
 .debug_line    0x000040bb      0x404 C:\Users\peter\Documents\Atmel Studio\7.0\ArduinoSketch2\ArduinoSketch2\ArduinoCore\Debug\libArduinoCore.a(arduinoUtils.o)
 .debug_line    0x000044bf      0x426 C:\Users\peter\Documents\Atmel Studio\7.0\ArduinoSketch2\ArduinoSketch2\ArduinoCore\Debug\libArduinoCore.a(HardwareSerial.o)
 .debug_line    0x000048e5      0x28c C:\Users\peter\Documents\Atmel Studio\7.0\ArduinoSketch2\ArduinoSketch2\ArduinoCore\Debug\libArduinoCore.a(HardwareSerial0.o)
 .debug_line    0x00004b71      0x685 C:\Users\peter\Documents\Atmel Studio\7.0\ArduinoSketch2\ArduinoSketch2\ArduinoCore\Debug\libArduinoCore.a(Print.o)
 .debug_line    0x000051f6      0x41c C:\Users\peter\Documents\Atmel Studio\7.0\ArduinoSketch2\ArduinoSketch2\ArduinoCore\Debug\libArduinoCore.a(arduinoMultiprotocol.o)
 .debug_line    0x00005612      0x5ec C:\Users\peter\Documents\Atmel Studio\7.0\ArduinoSketch2\ArduinoSketch2\ArduinoCore\Debug\libArduinoCore.a(Wire.o)
 .debug_line    0x00005bfe      0x4f5 C:\Users\peter\Documents\Atmel Studio\7.0\ArduinoSketch2\ArduinoSketch2\ArduinoCore\Debug\libArduinoCore.a(twi.o)

.debug_frame    0x00000000     0x29bc
 *(.debug_frame)
 .debug_frame   0x00000000       0x4c Sketch.o
 .debug_frame   0x0000004c       0x54 C:\Users\peter\Documents\Atmel Studio\7.0\ArduinoSketch2\ArduinoSketch2\ArduinoCore\Debug\libArduinoCore.a(main.o)
 .debug_frame   0x000000a0       0xc4 C:\Users\peter\Documents\Atmel Studio\7.0\ArduinoSketch2\ArduinoSketch2\ArduinoCore\Debug\libArduinoCore.a(wiring.o)
 .debug_frame   0x00000164       0x54 C:\Users\peter\Documents\Atmel Studio\7.0\ArduinoSketch2\ArduinoSketch2\ArduinoCore\Debug\libArduinoCore.a(wiring_analog.o)
 .debug_frame   0x000001b8       0x7c C:\Users\peter\Documents\Atmel Studio\7.0\ArduinoSketch2\ArduinoSketch2\ArduinoCore\Debug\libArduinoCore.a(wiring_digital.o)
 .debug_frame   0x00000234      0x718 C:\Users\peter\Documents\Atmel Studio\7.0\ArduinoSketch2\ArduinoSketch2\ArduinoCore\Debug\libArduinoCore.a(DallasTemperature.o)
 .debug_frame   0x0000094c      0xa44 C:\Users\peter\Documents\Atmel Studio\7.0\ArduinoSketch2\ArduinoSketch2\ArduinoCore\Debug\libArduinoCore.a(arduinoSigfox.o)
 .debug_frame   0x00001390       0xcc C:\Users\peter\Documents\Atmel Studio\7.0\ArduinoSketch2\ArduinoSketch2\ArduinoCore\Debug\libArduinoCore.a(LowPower.o)
 .debug_frame   0x0000145c      0x258 C:\Users\peter\Documents\Atmel Studio\7.0\ArduinoSketch2\ArduinoSketch2\ArduinoCore\Debug\libArduinoCore.a(OneWire.o)
 .debug_frame   0x000016b4       0x24 C:\Users\peter\Documents\Atmel Studio\7.0\ArduinoSketch2\ArduinoSketch2\ArduinoCore\Debug\libArduinoCore.a(hooks.o)
 .debug_frame   0x000016d8      0x740 C:\Users\peter\Documents\Atmel Studio\7.0\ArduinoSketch2\ArduinoSketch2\ArduinoCore\Debug\libArduinoCore.a(arduinoUART.o)
 .debug_frame   0x00001e18      0x130 C:\Users\peter\Documents\Atmel Studio\7.0\ArduinoSketch2\ArduinoSketch2\ArduinoCore\Debug\libArduinoCore.a(arduinoUtils.o)
 .debug_frame   0x00001f48      0x110 C:\Users\peter\Documents\Atmel Studio\7.0\ArduinoSketch2\ArduinoSketch2\ArduinoCore\Debug\libArduinoCore.a(HardwareSerial.o)
 .debug_frame   0x00002058       0xe0 C:\Users\peter\Documents\Atmel Studio\7.0\ArduinoSketch2\ArduinoSketch2\ArduinoCore\Debug\libArduinoCore.a(HardwareSerial0.o)
 .debug_frame   0x00002138      0x3ac C:\Users\peter\Documents\Atmel Studio\7.0\ArduinoSketch2\ArduinoSketch2\ArduinoCore\Debug\libArduinoCore.a(Print.o)
 .debug_frame   0x000024e4      0x120 C:\Users\peter\Documents\Atmel Studio\7.0\ArduinoSketch2\ArduinoSketch2\ArduinoCore\Debug\libArduinoCore.a(arduinoMultiprotocol.o)
 .debug_frame   0x00002604      0x284 C:\Users\peter\Documents\Atmel Studio\7.0\ArduinoSketch2\ArduinoSketch2\ArduinoCore\Debug\libArduinoCore.a(Wire.o)
 .debug_frame   0x00002888      0x134 C:\Users\peter\Documents\Atmel Studio\7.0\ArduinoSketch2\ArduinoSketch2\ArduinoCore\Debug\libArduinoCore.a(twi.o)

.debug_str      0x00000000     0x527f
 *(.debug_str)
 .debug_str     0x00000000      0x208 C:/Program Files (x86)/Atmel/Studio/7.0/Packs/atmel/ATmega_DFP/1.2.150/gcc/dev/atmega328p/avr5/crtatmega328p.o
 .debug_str     0x00000208     0x23f9 Sketch.o
                               0x24f9 (size before relaxing)
 .debug_str     0x00002601       0xb4 C:\Users\peter\Documents\Atmel Studio\7.0\ArduinoSketch2\ArduinoSketch2\ArduinoCore\Debug\libArduinoCore.a(main.o)
                                0x2b9 (size before relaxing)
 .debug_str     0x000026b5      0x153 C:\Users\peter\Documents\Atmel Studio\7.0\ArduinoSketch2\ArduinoSketch2\ArduinoCore\Debug\libArduinoCore.a(wiring.o)
                                0x24f (size before relaxing)
 .debug_str     0x00002808       0x78 C:\Users\peter\Documents\Atmel Studio\7.0\ArduinoSketch2\ArduinoSketch2\ArduinoCore\Debug\libArduinoCore.a(wiring_analog.o)
                                0x253 (size before relaxing)
 .debug_str     0x00002880       0xa9 C:\Users\peter\Documents\Atmel Studio\7.0\ArduinoSketch2\ArduinoSketch2\ArduinoCore\Debug\libArduinoCore.a(wiring_digital.o)
                                0x2b4 (size before relaxing)
 .debug_str     0x00002929      0x17d C:\Users\peter\Documents\Atmel Studio\7.0\ArduinoSketch2\ArduinoSketch2\ArduinoCore\Debug\libArduinoCore.a(DallasTemperature.o)
                               0x133c (size before relaxing)
 .debug_str     0x00002aa6      0x53d C:\Users\peter\Documents\Atmel Studio\7.0\ArduinoSketch2\ArduinoSketch2\ArduinoCore\Debug\libArduinoCore.a(arduinoSigfox.o)
                               0x17ab (size before relaxing)
 .debug_str     0x00002fe3       0x90 C:\Users\peter\Documents\Atmel Studio\7.0\ArduinoSketch2\ArduinoSketch2\ArduinoCore\Debug\libArduinoCore.a(LowPower.o)
                                0x61f (size before relaxing)
 .debug_str     0x00003073      0x10a C:\Users\peter\Documents\Atmel Studio\7.0\ArduinoSketch2\ArduinoSketch2\ArduinoCore\Debug\libArduinoCore.a(OneWire.o)
                                0x679 (size before relaxing)
 .debug_str     0x0000317d       0x1c C:\Users\peter\Documents\Atmel Studio\7.0\ArduinoSketch2\ArduinoSketch2\ArduinoCore\Debug\libArduinoCore.a(hooks.o)
                                0x144 (size before relaxing)
 .debug_str     0x00003199      0x20f C:\Users\peter\Documents\Atmel Studio\7.0\ArduinoSketch2\ArduinoSketch2\ArduinoCore\Debug\libArduinoCore.a(arduinoUART.o)
                                0xbb6 (size before relaxing)
 .debug_str     0x000033a8      0x1ab C:\Users\peter\Documents\Atmel Studio\7.0\ArduinoSketch2\ArduinoSketch2\ArduinoCore\Debug\libArduinoCore.a(arduinoUtils.o)
                                0x7ca (size before relaxing)
 .debug_str     0x00003553     0x119a C:\Users\peter\Documents\Atmel Studio\7.0\ArduinoSketch2\ArduinoSketch2\ArduinoCore\Debug\libArduinoCore.a(HardwareSerial.o)
                               0x15f1 (size before relaxing)
 .debug_str     0x000046ed       0x86 C:\Users\peter\Documents\Atmel Studio\7.0\ArduinoSketch2\ArduinoSketch2\ArduinoCore\Debug\libArduinoCore.a(HardwareSerial0.o)
                               0x140d (size before relaxing)
 .debug_str     0x00004773      0x3d3 C:\Users\peter\Documents\Atmel Studio\7.0\ArduinoSketch2\ArduinoSketch2\ArduinoCore\Debug\libArduinoCore.a(Print.o)
                               0x1247 (size before relaxing)
 .debug_str     0x00004b46      0x10b C:\Users\peter\Documents\Atmel Studio\7.0\ArduinoSketch2\ArduinoSketch2\ArduinoCore\Debug\libArduinoCore.a(arduinoMultiprotocol.o)
                                0x522 (size before relaxing)
 .debug_str     0x00004c51      0x4ec C:\Users\peter\Documents\Atmel Studio\7.0\ArduinoSketch2\ArduinoSketch2\ArduinoCore\Debug\libArduinoCore.a(Wire.o)
                               0x18c6 (size before relaxing)
 .debug_str     0x0000513d      0x142 C:\Users\peter\Documents\Atmel Studio\7.0\ArduinoSketch2\ArduinoSketch2\ArduinoCore\Debug\libArduinoCore.a(twi.o)
                                0x3cf (size before relaxing)

.debug_loc      0x00000000     0xdb95
 *(.debug_loc)
 .debug_loc     0x00000000       0x58 Sketch.o
 .debug_loc     0x00000058      0x28d C:\Users\peter\Documents\Atmel Studio\7.0\ArduinoSketch2\ArduinoSketch2\ArduinoCore\Debug\libArduinoCore.a(wiring.o)
 .debug_loc     0x000002e5       0xfe C:\Users\peter\Documents\Atmel Studio\7.0\ArduinoSketch2\ArduinoSketch2\ArduinoCore\Debug\libArduinoCore.a(wiring_analog.o)
 .debug_loc     0x000003e3      0x5fc C:\Users\peter\Documents\Atmel Studio\7.0\ArduinoSketch2\ArduinoSketch2\ArduinoCore\Debug\libArduinoCore.a(wiring_digital.o)
 .debug_loc     0x000009df     0x23c2 C:\Users\peter\Documents\Atmel Studio\7.0\ArduinoSketch2\ArduinoSketch2\ArduinoCore\Debug\libArduinoCore.a(DallasTemperature.o)
 .debug_loc     0x00002da1     0x30f4 C:\Users\peter\Documents\Atmel Studio\7.0\ArduinoSketch2\ArduinoSketch2\ArduinoCore\Debug\libArduinoCore.a(arduinoSigfox.o)
 .debug_loc     0x00005e95      0x5a3 C:\Users\peter\Documents\Atmel Studio\7.0\ArduinoSketch2\ArduinoSketch2\ArduinoCore\Debug\libArduinoCore.a(LowPower.o)
 .debug_loc     0x00006438     0x1075 C:\Users\peter\Documents\Atmel Studio\7.0\ArduinoSketch2\ArduinoSketch2\ArduinoCore\Debug\libArduinoCore.a(OneWire.o)
 .debug_loc     0x000074ad     0x2a1b C:\Users\peter\Documents\Atmel Studio\7.0\ArduinoSketch2\ArduinoSketch2\ArduinoCore\Debug\libArduinoCore.a(arduinoUART.o)
 .debug_loc     0x00009ec8      0x360 C:\Users\peter\Documents\Atmel Studio\7.0\ArduinoSketch2\ArduinoSketch2\ArduinoCore\Debug\libArduinoCore.a(arduinoUtils.o)
 .debug_loc     0x0000a228      0x482 C:\Users\peter\Documents\Atmel Studio\7.0\ArduinoSketch2\ArduinoSketch2\ArduinoCore\Debug\libArduinoCore.a(HardwareSerial.o)
 .debug_loc     0x0000a6aa      0x1b0 C:\Users\peter\Documents\Atmel Studio\7.0\ArduinoSketch2\ArduinoSketch2\ArduinoCore\Debug\libArduinoCore.a(HardwareSerial0.o)
 .debug_loc     0x0000a85a     0x1c87 C:\Users\peter\Documents\Atmel Studio\7.0\ArduinoSketch2\ArduinoSketch2\ArduinoCore\Debug\libArduinoCore.a(Print.o)
 .debug_loc     0x0000c4e1      0x6d1 C:\Users\peter\Documents\Atmel Studio\7.0\ArduinoSketch2\ArduinoSketch2\ArduinoCore\Debug\libArduinoCore.a(arduinoMultiprotocol.o)
 .debug_loc     0x0000cbb2      0xbfd C:\Users\peter\Documents\Atmel Studio\7.0\ArduinoSketch2\ArduinoSketch2\ArduinoCore\Debug\libArduinoCore.a(Wire.o)
 .debug_loc     0x0000d7af      0x3e6 C:\Users\peter\Documents\Atmel Studio\7.0\ArduinoSketch2\ArduinoSketch2\ArduinoCore\Debug\libArduinoCore.a(twi.o)

.debug_macinfo
 *(.debug_macinfo)

.debug_weaknames
 *(.debug_weaknames)

.debug_funcnames
 *(.debug_funcnames)

.debug_typenames
 *(.debug_typenames)

.debug_varnames
 *(.debug_varnames)

.debug_pubtypes
 *(.debug_pubtypes)

.debug_ranges   0x00000000      0xad0
 *(.debug_ranges)
 .debug_ranges  0x00000000       0x38 Sketch.o
 .debug_ranges  0x00000038       0x20 C:\Users\peter\Documents\Atmel Studio\7.0\ArduinoSketch2\ArduinoSketch2\ArduinoCore\Debug\libArduinoCore.a(main.o)
 .debug_ranges  0x00000058       0x38 C:\Users\peter\Documents\Atmel Studio\7.0\ArduinoSketch2\ArduinoSketch2\ArduinoCore\Debug\libArduinoCore.a(wiring.o)
 .debug_ranges  0x00000090       0x20 C:\Users\peter\Documents\Atmel Studio\7.0\ArduinoSketch2\ArduinoSketch2\ArduinoCore\Debug\libArduinoCore.a(wiring_analog.o)
 .debug_ranges  0x000000b0       0x28 C:\Users\peter\Documents\Atmel Studio\7.0\ArduinoSketch2\ArduinoSketch2\ArduinoCore\Debug\libArduinoCore.a(wiring_digital.o)
 .debug_ranges  0x000000d8      0x1b8 C:\Users\peter\Documents\Atmel Studio\7.0\ArduinoSketch2\ArduinoSketch2\ArduinoCore\Debug\libArduinoCore.a(DallasTemperature.o)
 .debug_ranges  0x00000290      0x1c8 C:\Users\peter\Documents\Atmel Studio\7.0\ArduinoSketch2\ArduinoSketch2\ArduinoCore\Debug\libArduinoCore.a(arduinoSigfox.o)
 .debug_ranges  0x00000458       0x40 C:\Users\peter\Documents\Atmel Studio\7.0\ArduinoSketch2\ArduinoSketch2\ArduinoCore\Debug\libArduinoCore.a(LowPower.o)
 .debug_ranges  0x00000498       0x90 C:\Users\peter\Documents\Atmel Studio\7.0\ArduinoSketch2\ArduinoSketch2\ArduinoCore\Debug\libArduinoCore.a(OneWire.o)
 .debug_ranges  0x00000528       0x10 C:\Users\peter\Documents\Atmel Studio\7.0\ArduinoSketch2\ArduinoSketch2\ArduinoCore\Debug\libArduinoCore.a(hooks.o)
 .debug_ranges  0x00000538      0x1b0 C:\Users\peter\Documents\Atmel Studio\7.0\ArduinoSketch2\ArduinoSketch2\ArduinoCore\Debug\libArduinoCore.a(arduinoUART.o)
 .debug_ranges  0x000006e8       0x88 C:\Users\peter\Documents\Atmel Studio\7.0\ArduinoSketch2\ArduinoSketch2\ArduinoCore\Debug\libArduinoCore.a(arduinoUtils.o)
 .debug_ranges  0x00000770       0x58 C:\Users\peter\Documents\Atmel Studio\7.0\ArduinoSketch2\ArduinoSketch2\ArduinoCore\Debug\libArduinoCore.a(HardwareSerial.o)
 .debug_ranges  0x000007c8       0x38 C:\Users\peter\Documents\Atmel Studio\7.0\ArduinoSketch2\ArduinoSketch2\ArduinoCore\Debug\libArduinoCore.a(HardwareSerial0.o)
 .debug_ranges  0x00000800      0x120 C:\Users\peter\Documents\Atmel Studio\7.0\ArduinoSketch2\ArduinoSketch2\ArduinoCore\Debug\libArduinoCore.a(Print.o)
 .debug_ranges  0x00000920       0x58 C:\Users\peter\Documents\Atmel Studio\7.0\ArduinoSketch2\ArduinoSketch2\ArduinoCore\Debug\libArduinoCore.a(arduinoMultiprotocol.o)
 .debug_ranges  0x00000978       0xe8 C:\Users\peter\Documents\Atmel Studio\7.0\ArduinoSketch2\ArduinoSketch2\ArduinoCore\Debug\libArduinoCore.a(Wire.o)
 .debug_ranges  0x00000a60       0x70 C:\Users\peter\Documents\Atmel Studio\7.0\ArduinoSketch2\ArduinoSketch2\ArduinoCore\Debug\libArduinoCore.a(twi.o)

.debug_macro
 *(.debug_macro)
OUTPUT(sketch_feb26a.elf elf32-avr)
LOAD linker stubs
